[2024-02-28T11:49:55.030+0400][gc] Using G1
[2024-02-28T11:49:55.034+0400][gc,init] Version: 17.0.7+8-LTS-224 (release)
[2024-02-28T11:49:55.034+0400][gc,init] CPUs: 8 total, 8 available
[2024-02-28T11:49:55.034+0400][gc,init] Memory: 15685M
[2024-02-28T11:49:55.034+0400][gc,init] Large Page Support: Disabled
[2024-02-28T11:49:55.034+0400][gc,init] NUMA Support: Disabled
[2024-02-28T11:49:55.034+0400][gc,init] Compressed Oops: Enabled (32-bit)
[2024-02-28T11:49:55.034+0400][gc,init] Heap Region Size: 1M
[2024-02-28T11:49:55.034+0400][gc,init] Heap Min Capacity: 1G
[2024-02-28T11:49:55.034+0400][gc,init] Heap Initial Capacity: 1G
[2024-02-28T11:49:55.034+0400][gc,init] Heap Max Capacity: 1G
[2024-02-28T11:49:55.034+0400][gc,init] Pre-touch: Disabled
[2024-02-28T11:49:55.034+0400][gc,init] Parallel Workers: 8
[2024-02-28T11:49:55.034+0400][gc,init] Concurrent Workers: 2
[2024-02-28T11:49:55.034+0400][gc,init] Concurrent Refinement Workers: 8
[2024-02-28T11:49:55.034+0400][gc,init] Periodic GC: Disabled
[2024-02-28T11:49:55.034+0400][gc,metaspace] CDS archive(s) mapped at: [0x0000000800000000-0x0000000800be3000-0x0000000800be3000), size 12464128, SharedBaseAddress: 0x0000000800000000, ArchiveRelocationMode: 0.
[2024-02-28T11:49:55.034+0400][gc,metaspace] Compressed class space mapped at: 0x0000000800c00000-0x0000000840c00000, reserved size: 1073741824
[2024-02-28T11:49:55.034+0400][gc,metaspace] Narrow klass base: 0x0000000800000000, Narrow klass shift: 0, Narrow klass range: 0x100000000
[2024-02-28T11:49:55.726+0400][gc,start    ] GC(0) Pause Young (Normal) (G1 Evacuation Pause)
[2024-02-28T11:49:55.727+0400][gc,task     ] GC(0) Using 8 workers of 8 for evacuation
[2024-02-28T11:49:55.730+0400][gc,phases   ] GC(0)   Pre Evacuate Collection Set: 0.1ms
[2024-02-28T11:49:55.730+0400][gc,phases   ] GC(0)   Merge Heap Roots: 0.1ms
[2024-02-28T11:49:55.730+0400][gc,phases   ] GC(0)   Evacuate Collection Set: 2.3ms
[2024-02-28T11:49:55.730+0400][gc,phases   ] GC(0)   Post Evacuate Collection Set: 0.3ms
[2024-02-28T11:49:55.730+0400][gc,phases   ] GC(0)   Other: 0.6ms
[2024-02-28T11:49:55.730+0400][gc,heap     ] GC(0) Eden regions: 51->0(44)
[2024-02-28T11:49:55.730+0400][gc,heap     ] GC(0) Survivor regions: 0->7(7)
[2024-02-28T11:49:55.730+0400][gc,heap     ] GC(0) Old regions: 0->1
[2024-02-28T11:49:55.730+0400][gc,heap     ] GC(0) Archive regions: 2->2
[2024-02-28T11:49:55.730+0400][gc,heap     ] GC(0) Humongous regions: 0->0
[2024-02-28T11:49:55.730+0400][gc,metaspace] GC(0) Metaspace: 19020K(19200K)->19020K(19200K) NonClass: 16504K(16640K)->16504K(16640K) Class: 2516K(2560K)->2516K(2560K)
[2024-02-28T11:49:55.730+0400][gc          ] GC(0) Pause Young (Normal) (G1 Evacuation Pause) 51M->8M(1024M) 3.352ms
[2024-02-28T11:49:55.730+0400][gc,cpu      ] GC(0) User=0.00s Sys=0.01s Real=0.00s
[2024-02-28T11:49:55.869+0400][gc,start    ] GC(1) Pause Young (Concurrent Start) (Metadata GC Threshold)
[2024-02-28T11:49:55.869+0400][gc,task     ] GC(1) Using 8 workers of 8 for evacuation
[2024-02-28T11:49:55.871+0400][gc,phases   ] GC(1)   Pre Evacuate Collection Set: 0.1ms
[2024-02-28T11:49:55.871+0400][gc,phases   ] GC(1)   Merge Heap Roots: 0.1ms
[2024-02-28T11:49:55.871+0400][gc,phases   ] GC(1)   Evacuate Collection Set: 2.1ms
[2024-02-28T11:49:55.871+0400][gc,phases   ] GC(1)   Post Evacuate Collection Set: 0.3ms
[2024-02-28T11:49:55.871+0400][gc,phases   ] GC(1)   Other: 0.2ms
[2024-02-28T11:49:55.871+0400][gc,heap     ] GC(1) Eden regions: 10->0(49)
[2024-02-28T11:49:55.871+0400][gc,heap     ] GC(1) Survivor regions: 7->2(7)
[2024-02-28T11:49:55.871+0400][gc,heap     ] GC(1) Old regions: 1->8
[2024-02-28T11:49:55.871+0400][gc,heap     ] GC(1) Archive regions: 2->2
[2024-02-28T11:49:55.871+0400][gc,heap     ] GC(1) Humongous regions: 129->129
[2024-02-28T11:49:55.871+0400][gc,metaspace] GC(1) Metaspace: 21309K(21504K)->21309K(21504K) NonClass: 18454K(18560K)->18454K(18560K) Class: 2855K(2944K)->2855K(2944K)
[2024-02-28T11:49:55.871+0400][gc          ] GC(1) Pause Young (Concurrent Start) (Metadata GC Threshold) 147M->138M(1024M) 2.847ms
[2024-02-28T11:49:55.871+0400][gc,cpu      ] GC(1) User=0.02s Sys=0.00s Real=0.00s
[2024-02-28T11:49:55.871+0400][gc          ] GC(2) Concurrent Mark Cycle
[2024-02-28T11:49:55.871+0400][gc,marking  ] GC(2) Concurrent Clear Claimed Marks
[2024-02-28T11:49:55.871+0400][gc,marking  ] GC(2) Concurrent Clear Claimed Marks 0.013ms
[2024-02-28T11:49:55.871+0400][gc,marking  ] GC(2) Concurrent Scan Root Regions
[2024-02-28T11:49:55.873+0400][gc,marking  ] GC(2) Concurrent Scan Root Regions 1.676ms
[2024-02-28T11:49:55.873+0400][gc,marking  ] GC(2) Concurrent Mark
[2024-02-28T11:49:55.873+0400][gc,marking  ] GC(2) Concurrent Mark From Roots
[2024-02-28T11:49:55.873+0400][gc,task     ] GC(2) Using 2 workers of 2 for marking
[2024-02-28T11:49:55.874+0400][gc,marking  ] GC(2) Concurrent Mark From Roots 1.291ms
[2024-02-28T11:49:55.874+0400][gc,marking  ] GC(2) Concurrent Preclean
[2024-02-28T11:49:55.874+0400][gc,marking  ] GC(2) Concurrent Preclean 0.036ms
[2024-02-28T11:49:55.875+0400][gc,start    ] GC(2) Pause Remark
[2024-02-28T11:49:55.875+0400][gc          ] GC(2) Pause Remark 139M->139M(1024M) 0.853ms
[2024-02-28T11:49:55.875+0400][gc,cpu      ] GC(2) User=0.00s Sys=0.00s Real=0.01s
[2024-02-28T11:49:55.875+0400][gc,marking  ] GC(2) Concurrent Mark 2.260ms
[2024-02-28T11:49:55.875+0400][gc,marking  ] GC(2) Concurrent Rebuild Remembered Sets
[2024-02-28T11:49:55.877+0400][gc,marking  ] GC(2) Concurrent Rebuild Remembered Sets 1.910ms
[2024-02-28T11:49:55.877+0400][gc,start    ] GC(2) Pause Cleanup
[2024-02-28T11:49:55.877+0400][gc          ] GC(2) Pause Cleanup 139M->139M(1024M) 0.111ms
[2024-02-28T11:49:55.877+0400][gc,cpu      ] GC(2) User=0.00s Sys=0.00s Real=0.00s
[2024-02-28T11:49:55.877+0400][gc,marking  ] GC(2) Concurrent Cleanup for Next Mark
[2024-02-28T11:49:55.881+0400][gc,marking  ] GC(2) Concurrent Cleanup for Next Mark 3.306ms
[2024-02-28T11:49:55.881+0400][gc          ] GC(2) Concurrent Mark Cycle 9.428ms
[2024-02-28T11:49:56.293+0400][gc,start    ] GC(3) Pause Young (Normal) (G1 Evacuation Pause)
[2024-02-28T11:49:56.293+0400][gc,task     ] GC(3) Using 8 workers of 8 for evacuation
[2024-02-28T11:49:56.296+0400][gc,phases   ] GC(3)   Pre Evacuate Collection Set: 0.1ms
[2024-02-28T11:49:56.296+0400][gc,phases   ] GC(3)   Merge Heap Roots: 0.0ms
[2024-02-28T11:49:56.296+0400][gc,phases   ] GC(3)   Evacuate Collection Set: 2.2ms
[2024-02-28T11:49:56.296+0400][gc,phases   ] GC(3)   Post Evacuate Collection Set: 0.3ms
[2024-02-28T11:49:56.296+0400][gc,phases   ] GC(3)   Other: 0.1ms
[2024-02-28T11:49:56.296+0400][gc,heap     ] GC(3) Eden regions: 49->0(45)
[2024-02-28T11:49:56.296+0400][gc,heap     ] GC(3) Survivor regions: 2->6(7)
[2024-02-28T11:49:56.296+0400][gc,heap     ] GC(3) Old regions: 8->8
[2024-02-28T11:49:56.296+0400][gc,heap     ] GC(3) Archive regions: 2->2
[2024-02-28T11:49:56.296+0400][gc,heap     ] GC(3) Humongous regions: 129->129
[2024-02-28T11:49:56.296+0400][gc,metaspace] GC(3) Metaspace: 32727K(33024K)->32727K(33024K) NonClass: 28759K(28928K)->28759K(28928K) Class: 3968K(4096K)->3968K(4096K)
[2024-02-28T11:49:56.296+0400][gc          ] GC(3) Pause Young (Normal) (G1 Evacuation Pause) 187M->143M(1024M) 2.744ms
[2024-02-28T11:49:56.296+0400][gc,cpu      ] GC(3) User=0.02s Sys=0.00s Real=0.01s
[2024-02-28T11:51:03.969+0400][gc,start    ] GC(4) Pause Young (Concurrent Start) (Metadata GC Threshold)
[2024-02-28T11:51:03.969+0400][gc,task     ] GC(4) Using 8 workers of 8 for evacuation
[2024-02-28T11:51:03.972+0400][gc,phases   ] GC(4)   Pre Evacuate Collection Set: 0.1ms
[2024-02-28T11:51:03.972+0400][gc,phases   ] GC(4)   Merge Heap Roots: 0.0ms
[2024-02-28T11:51:03.972+0400][gc,phases   ] GC(4)   Evacuate Collection Set: 2.5ms
[2024-02-28T11:51:03.972+0400][gc,phases   ] GC(4)   Post Evacuate Collection Set: 0.3ms
[2024-02-28T11:51:03.972+0400][gc,phases   ] GC(4)   Other: 0.2ms
[2024-02-28T11:51:03.972+0400][gc,heap     ] GC(4) Eden regions: 17->0(49)
[2024-02-28T11:51:03.972+0400][gc,heap     ] GC(4) Survivor regions: 6->2(7)
[2024-02-28T11:51:03.972+0400][gc,heap     ] GC(4) Old regions: 8->14
[2024-02-28T11:51:03.972+0400][gc,heap     ] GC(4) Archive regions: 2->2
[2024-02-28T11:51:03.972+0400][gc,heap     ] GC(4) Humongous regions: 129->129
[2024-02-28T11:51:03.972+0400][gc,metaspace] GC(4) Metaspace: 35890K(36160K)->35890K(36160K) NonClass: 31418K(31552K)->31418K(31552K) Class: 4472K(4608K)->4472K(4608K)
[2024-02-28T11:51:03.972+0400][gc          ] GC(4) Pause Young (Concurrent Start) (Metadata GC Threshold) 159M->144M(1024M) 3.168ms
[2024-02-28T11:51:03.972+0400][gc,cpu      ] GC(4) User=0.01s Sys=0.01s Real=0.00s
[2024-02-28T11:51:03.972+0400][gc          ] GC(5) Concurrent Mark Cycle
[2024-02-28T11:51:03.972+0400][gc,marking  ] GC(5) Concurrent Clear Claimed Marks
[2024-02-28T11:51:03.972+0400][gc,marking  ] GC(5) Concurrent Clear Claimed Marks 0.020ms
[2024-02-28T11:51:03.972+0400][gc,marking  ] GC(5) Concurrent Scan Root Regions
[2024-02-28T11:51:03.974+0400][gc,marking  ] GC(5) Concurrent Scan Root Regions 2.226ms
[2024-02-28T11:51:03.974+0400][gc,marking  ] GC(5) Concurrent Mark
[2024-02-28T11:51:03.974+0400][gc,marking  ] GC(5) Concurrent Mark From Roots
[2024-02-28T11:51:03.974+0400][gc,task     ] GC(5) Using 2 workers of 2 for marking
[2024-02-28T11:51:03.979+0400][gc,marking  ] GC(5) Concurrent Mark From Roots 4.761ms
[2024-02-28T11:51:03.979+0400][gc,marking  ] GC(5) Concurrent Preclean
[2024-02-28T11:51:03.979+0400][gc,marking  ] GC(5) Concurrent Preclean 0.072ms
[2024-02-28T11:51:03.979+0400][gc,start    ] GC(5) Pause Remark
[2024-02-28T11:51:03.980+0400][gc          ] GC(5) Pause Remark 144M->144M(1024M) 0.977ms
[2024-02-28T11:51:03.980+0400][gc,cpu      ] GC(5) User=0.00s Sys=0.01s Real=0.00s
[2024-02-28T11:51:03.980+0400][gc,marking  ] GC(5) Concurrent Mark 5.976ms
[2024-02-28T11:51:03.980+0400][gc,marking  ] GC(5) Concurrent Rebuild Remembered Sets
[2024-02-28T11:51:03.984+0400][gc,marking  ] GC(5) Concurrent Rebuild Remembered Sets 3.445ms
[2024-02-28T11:51:03.984+0400][gc,start    ] GC(5) Pause Cleanup
[2024-02-28T11:51:03.984+0400][gc          ] GC(5) Pause Cleanup 145M->145M(1024M) 0.150ms
[2024-02-28T11:51:03.984+0400][gc,cpu      ] GC(5) User=0.00s Sys=0.00s Real=0.00s
[2024-02-28T11:51:03.984+0400][gc,marking  ] GC(5) Concurrent Cleanup for Next Mark
[2024-02-28T11:51:03.987+0400][gc,marking  ] GC(5) Concurrent Cleanup for Next Mark 3.084ms
[2024-02-28T11:51:03.987+0400][gc          ] GC(5) Concurrent Mark Cycle 15.190ms
[2024-02-28T16:00:05.118+0400][gc,start    ] GC(6) Pause Young (Normal) (G1 Evacuation Pause)
[2024-02-28T16:00:05.118+0400][gc,task     ] GC(6) Using 8 workers of 8 for evacuation
[2024-02-28T16:00:05.122+0400][gc,phases   ] GC(6)   Pre Evacuate Collection Set: 0.2ms
[2024-02-28T16:00:05.122+0400][gc,phases   ] GC(6)   Merge Heap Roots: 0.1ms
[2024-02-28T16:00:05.122+0400][gc,phases   ] GC(6)   Evacuate Collection Set: 3.2ms
[2024-02-28T16:00:05.122+0400][gc,phases   ] GC(6)   Post Evacuate Collection Set: 0.5ms
[2024-02-28T16:00:05.122+0400][gc,phases   ] GC(6)   Other: 0.2ms
[2024-02-28T16:00:05.122+0400][gc,heap     ] GC(6) Eden regions: 49->0(46)
[2024-02-28T16:00:05.122+0400][gc,heap     ] GC(6) Survivor regions: 2->5(7)
[2024-02-28T16:00:05.122+0400][gc,heap     ] GC(6) Old regions: 14->14
[2024-02-28T16:00:05.122+0400][gc,heap     ] GC(6) Archive regions: 2->2
[2024-02-28T16:00:05.122+0400][gc,heap     ] GC(6) Humongous regions: 129->129
[2024-02-28T16:00:05.122+0400][gc,metaspace] GC(6) Metaspace: 41637K(42112K)->41637K(42112K) NonClass: 36267K(36544K)->36267K(36544K) Class: 5370K(5568K)->5370K(5568K)
[2024-02-28T16:00:05.122+0400][gc          ] GC(6) Pause Young (Normal) (G1 Evacuation Pause) 193M->147M(1024M) 4.158ms
[2024-02-28T16:00:05.122+0400][gc,cpu      ] GC(6) User=0.02s Sys=0.00s Real=0.01s
[2024-02-28T16:11:32.484+0400][gc,start    ] GC(7) Pause Young (Normal) (G1 Evacuation Pause)
[2024-02-28T16:11:32.484+0400][gc,task     ] GC(7) Using 8 workers of 8 for evacuation
[2024-02-28T16:11:32.490+0400][gc,phases   ] GC(7)   Pre Evacuate Collection Set: 0.2ms
[2024-02-28T16:11:32.490+0400][gc,phases   ] GC(7)   Merge Heap Roots: 0.1ms
[2024-02-28T16:11:32.490+0400][gc,phases   ] GC(7)   Evacuate Collection Set: 5.3ms
[2024-02-28T16:11:32.490+0400][gc,phases   ] GC(7)   Post Evacuate Collection Set: 0.3ms
[2024-02-28T16:11:32.490+0400][gc,phases   ] GC(7)   Other: 0.2ms
[2024-02-28T16:11:32.490+0400][gc,heap     ] GC(7) Eden regions: 46->0(45)
[2024-02-28T16:11:32.490+0400][gc,heap     ] GC(7) Survivor regions: 5->6(7)
[2024-02-28T16:11:32.490+0400][gc,heap     ] GC(7) Old regions: 14->14
[2024-02-28T16:11:32.490+0400][gc,heap     ] GC(7) Archive regions: 2->2
[2024-02-28T16:11:32.490+0400][gc,heap     ] GC(7) Humongous regions: 129->129
[2024-02-28T16:11:32.490+0400][gc,metaspace] GC(7) Metaspace: 42331K(42880K)->42331K(42880K) NonClass: 36933K(37248K)->36933K(37248K) Class: 5397K(5632K)->5397K(5632K)
[2024-02-28T16:11:32.490+0400][gc          ] GC(7) Pause Young (Normal) (G1 Evacuation Pause) 193M->149M(1024M) 6.065ms
[2024-02-28T16:11:32.490+0400][gc,cpu      ] GC(7) User=0.04s Sys=0.01s Real=0.00s
[2024-03-02T16:47:03.323+0400][gc,start    ] GC(8) Pause Young (Normal) (G1 Evacuation Pause)
[2024-03-02T16:47:03.323+0400][gc,task     ] GC(8) Using 8 workers of 8 for evacuation
[2024-03-02T16:47:03.327+0400][gc,phases   ] GC(8)   Pre Evacuate Collection Set: 0.2ms
[2024-03-02T16:47:03.327+0400][gc,phases   ] GC(8)   Merge Heap Roots: 0.1ms
[2024-03-02T16:47:03.327+0400][gc,phases   ] GC(8)   Evacuate Collection Set: 3.4ms
[2024-03-02T16:47:03.327+0400][gc,phases   ] GC(8)   Post Evacuate Collection Set: 0.3ms
[2024-03-02T16:47:03.327+0400][gc,phases   ] GC(8)   Other: 0.2ms
[2024-03-02T16:47:03.327+0400][gc,heap     ] GC(8) Eden regions: 45->0(61)
[2024-03-02T16:47:03.327+0400][gc,heap     ] GC(8) Survivor regions: 6->2(7)
[2024-03-02T16:47:03.327+0400][gc,heap     ] GC(8) Old regions: 14->17
[2024-03-02T16:47:03.327+0400][gc,heap     ] GC(8) Archive regions: 2->2
[2024-03-02T16:47:03.327+0400][gc,heap     ] GC(8) Humongous regions: 129->129
[2024-03-02T16:47:03.327+0400][gc,metaspace] GC(8) Metaspace: 42448K(43008K)->42448K(43008K) NonClass: 37050K(37376K)->37050K(37376K) Class: 5397K(5632K)->5397K(5632K)
[2024-03-02T16:47:03.327+0400][gc          ] GC(8) Pause Young (Normal) (G1 Evacuation Pause) 194M->148M(1024M) 4.255ms
[2024-03-02T16:47:03.327+0400][gc,cpu      ] GC(8) User=0.02s Sys=0.01s Real=0.01s
[2024-03-02T17:05:51.857+0400][gc,start    ] GC(9) Pause Young (Normal) (G1 Evacuation Pause)
[2024-03-02T17:05:51.857+0400][gc,task     ] GC(9) Using 8 workers of 8 for evacuation
[2024-03-02T17:05:51.861+0400][gc,phases   ] GC(9)   Pre Evacuate Collection Set: 0.2ms
[2024-03-02T17:05:51.861+0400][gc,phases   ] GC(9)   Merge Heap Roots: 0.1ms
[2024-03-02T17:05:51.861+0400][gc,phases   ] GC(9)   Evacuate Collection Set: 2.7ms
[2024-03-02T17:05:51.861+0400][gc,phases   ] GC(9)   Post Evacuate Collection Set: 0.6ms
[2024-03-02T17:05:51.861+0400][gc,phases   ] GC(9)   Other: 0.2ms
[2024-03-02T17:05:51.861+0400][gc,heap     ] GC(9) Eden regions: 61->0(352)
[2024-03-02T17:05:51.861+0400][gc,heap     ] GC(9) Survivor regions: 2->3(8)
[2024-03-02T17:05:51.861+0400][gc,heap     ] GC(9) Old regions: 17->17
[2024-03-02T17:05:51.861+0400][gc,heap     ] GC(9) Archive regions: 2->2
[2024-03-02T17:05:51.861+0400][gc,heap     ] GC(9) Humongous regions: 129->129
[2024-03-02T17:05:51.861+0400][gc,metaspace] GC(9) Metaspace: 42579K(43136K)->42579K(43136K) NonClass: 37180K(37504K)->37180K(37504K) Class: 5398K(5632K)->5398K(5632K)
[2024-03-02T17:05:51.861+0400][gc          ] GC(9) Pause Young (Normal) (G1 Evacuation Pause) 209M->149M(1024M) 3.982ms
[2024-03-02T17:05:51.861+0400][gc,cpu      ] GC(9) User=0.02s Sys=0.01s Real=0.00s
[2024-03-03T12:03:40.630+0400][gc,start    ] GC(10) Pause Young (Normal) (G1 Evacuation Pause)
[2024-03-03T12:03:40.630+0400][gc,task     ] GC(10) Using 8 workers of 8 for evacuation
[2024-03-03T12:03:40.633+0400][gc,phases   ] GC(10)   Pre Evacuate Collection Set: 0.1ms
[2024-03-03T12:03:40.633+0400][gc,phases   ] GC(10)   Merge Heap Roots: 0.1ms
[2024-03-03T12:03:40.633+0400][gc,phases   ] GC(10)   Evacuate Collection Set: 2.1ms
[2024-03-03T12:03:40.633+0400][gc,phases   ] GC(10)   Post Evacuate Collection Set: 0.4ms
[2024-03-03T12:03:40.633+0400][gc,phases   ] GC(10)   Other: 0.1ms
[2024-03-03T12:03:40.633+0400][gc,heap     ] GC(10) Eden regions: 352->0(405)
[2024-03-03T12:03:40.633+0400][gc,heap     ] GC(10) Survivor regions: 3->4(45)
[2024-03-03T12:03:40.633+0400][gc,heap     ] GC(10) Old regions: 17->17
[2024-03-03T12:03:40.633+0400][gc,heap     ] GC(10) Archive regions: 2->2
[2024-03-03T12:03:40.633+0400][gc,heap     ] GC(10) Humongous regions: 129->129
[2024-03-03T12:03:40.633+0400][gc,metaspace] GC(10) Metaspace: 43028K(43584K)->43028K(43584K) NonClass: 37572K(37888K)->37572K(37888K) Class: 5455K(5696K)->5455K(5696K)
[2024-03-03T12:03:40.633+0400][gc          ] GC(10) Pause Young (Normal) (G1 Evacuation Pause) 501M->150M(1024M) 2.809ms
[2024-03-03T12:03:40.633+0400][gc,cpu      ] GC(10) User=0.00s Sys=0.01s Real=0.00s
[2024-03-05T11:14:39.747+0400][gc,start    ] GC(11) Pause Young (Normal) (G1 Evacuation Pause)
[2024-03-05T11:14:39.747+0400][gc,task     ] GC(11) Using 8 workers of 8 for evacuation
[2024-03-05T11:14:39.753+0400][gc,phases   ] GC(11)   Pre Evacuate Collection Set: 0.2ms
[2024-03-05T11:14:39.753+0400][gc,phases   ] GC(11)   Merge Heap Roots: 0.2ms
[2024-03-05T11:14:39.753+0400][gc,phases   ] GC(11)   Evacuate Collection Set: 4.8ms
[2024-03-05T11:14:39.753+0400][gc,phases   ] GC(11)   Post Evacuate Collection Set: 0.4ms
[2024-03-05T11:14:39.753+0400][gc,phases   ] GC(11)   Other: 0.2ms
[2024-03-05T11:14:39.753+0400][gc,heap     ] GC(11) Eden regions: 405->0(571)
[2024-03-05T11:14:39.753+0400][gc,heap     ] GC(11) Survivor regions: 4->5(52)
[2024-03-05T11:14:39.753+0400][gc,heap     ] GC(11) Old regions: 17->17
[2024-03-05T11:14:39.753+0400][gc,heap     ] GC(11) Archive regions: 2->2
[2024-03-05T11:14:39.753+0400][gc,heap     ] GC(11) Humongous regions: 129->129
[2024-03-05T11:14:39.753+0400][gc,metaspace] GC(11) Metaspace: 43665K(44224K)->43665K(44224K) NonClass: 38202K(38528K)->38202K(38528K) Class: 5463K(5696K)->5463K(5696K)
[2024-03-05T11:14:39.753+0400][gc          ] GC(11) Pause Young (Normal) (G1 Evacuation Pause) 555M->151M(1024M) 5.837ms
[2024-03-05T11:14:39.753+0400][gc,cpu      ] GC(11) User=0.03s Sys=0.01s Real=0.00s
[2024-03-12T18:45:32.428+0400][gc,heap,exit] Heap
[2024-03-12T18:45:32.428+0400][gc,heap,exit]  garbage-first heap   total 1048576K, used 365503K [0x00000000c0000000, 0x0000000100000000)
[2024-03-12T18:45:32.428+0400][gc,heap,exit]   region size 1024K, 211 young (216064K), 5 survivors (5120K)
[2024-03-12T18:45:32.428+0400][gc,heap,exit]  Metaspace       used 44680K, committed 45312K, reserved 1089536K
[2024-03-12T18:45:32.428+0400][gc,heap,exit]   class space    used 5710K, committed 5952K, reserved 1048576K
