[2023-12-13T19:51:54.668+0400][gc] Using G1
[2023-12-13T19:51:54.676+0400][gc,init] Version: 17.0.7+8-LTS-224 (release)
[2023-12-13T19:51:54.676+0400][gc,init] CPUs: 8 total, 8 available
[2023-12-13T19:51:54.676+0400][gc,init] Memory: 15697M
[2023-12-13T19:51:54.676+0400][gc,init] Large Page Support: Disabled
[2023-12-13T19:51:54.676+0400][gc,init] NUMA Support: Disabled
[2023-12-13T19:51:54.676+0400][gc,init] Compressed Oops: Enabled (32-bit)
[2023-12-13T19:51:54.676+0400][gc,init] Heap Region Size: 1M
[2023-12-13T19:51:54.676+0400][gc,init] Heap Min Capacity: 1G
[2023-12-13T19:51:54.676+0400][gc,init] Heap Initial Capacity: 1G
[2023-12-13T19:51:54.676+0400][gc,init] Heap Max Capacity: 1G
[2023-12-13T19:51:54.676+0400][gc,init] Pre-touch: Disabled
[2023-12-13T19:51:54.676+0400][gc,init] Parallel Workers: 8
[2023-12-13T19:51:54.676+0400][gc,init] Concurrent Workers: 2
[2023-12-13T19:51:54.676+0400][gc,init] Concurrent Refinement Workers: 8
[2023-12-13T19:51:54.676+0400][gc,init] Periodic GC: Disabled
[2023-12-13T19:51:54.676+0400][gc,metaspace] CDS archive(s) mapped at: [0x0000000800000000-0x0000000800be3000-0x0000000800be3000), size 12464128, SharedBaseAddress: 0x0000000800000000, ArchiveRelocationMode: 0.
[2023-12-13T19:51:54.676+0400][gc,metaspace] Compressed class space mapped at: 0x0000000800c00000-0x0000000840c00000, reserved size: 1073741824
[2023-12-13T19:51:54.676+0400][gc,metaspace] Narrow klass base: 0x0000000800000000, Narrow klass shift: 0, Narrow klass range: 0x100000000
[2023-12-13T19:51:55.329+0400][gc,start    ] GC(0) Pause Young (Normal) (G1 Evacuation Pause)
[2023-12-13T19:51:55.329+0400][gc,task     ] GC(0) Using 8 workers of 8 for evacuation
[2023-12-13T19:51:55.332+0400][gc,phases   ] GC(0)   Pre Evacuate Collection Set: 0.1ms
[2023-12-13T19:51:55.332+0400][gc,phases   ] GC(0)   Merge Heap Roots: 0.0ms
[2023-12-13T19:51:55.332+0400][gc,phases   ] GC(0)   Evacuate Collection Set: 2.2ms
[2023-12-13T19:51:55.332+0400][gc,phases   ] GC(0)   Post Evacuate Collection Set: 0.3ms
[2023-12-13T19:51:55.332+0400][gc,phases   ] GC(0)   Other: 0.7ms
[2023-12-13T19:51:55.332+0400][gc,heap     ] GC(0) Eden regions: 51->0(44)
[2023-12-13T19:51:55.332+0400][gc,heap     ] GC(0) Survivor regions: 0->7(7)
[2023-12-13T19:51:55.332+0400][gc,heap     ] GC(0) Old regions: 0->1
[2023-12-13T19:51:55.332+0400][gc,heap     ] GC(0) Archive regions: 2->2
[2023-12-13T19:51:55.332+0400][gc,heap     ] GC(0) Humongous regions: 0->0
[2023-12-13T19:51:55.332+0400][gc,metaspace] GC(0) Metaspace: 19128K(19328K)->19128K(19328K) NonClass: 16587K(16704K)->16587K(16704K) Class: 2540K(2624K)->2540K(2624K)
[2023-12-13T19:51:55.332+0400][gc          ] GC(0) Pause Young (Normal) (G1 Evacuation Pause) 51M->8M(1024M) 3.543ms
[2023-12-13T19:51:55.332+0400][gc,cpu      ] GC(0) User=0.01s Sys=0.01s Real=0.00s
[2023-12-13T19:51:55.453+0400][gc,start    ] GC(1) Pause Young (Concurrent Start) (Metadata GC Threshold)
[2023-12-13T19:51:55.453+0400][gc,task     ] GC(1) Using 8 workers of 8 for evacuation
[2023-12-13T19:51:55.456+0400][gc,phases   ] GC(1)   Pre Evacuate Collection Set: 0.1ms
[2023-12-13T19:51:55.456+0400][gc,phases   ] GC(1)   Merge Heap Roots: 0.0ms
[2023-12-13T19:51:55.456+0400][gc,phases   ] GC(1)   Evacuate Collection Set: 2.0ms
[2023-12-13T19:51:55.456+0400][gc,phases   ] GC(1)   Post Evacuate Collection Set: 0.3ms
[2023-12-13T19:51:55.456+0400][gc,phases   ] GC(1)   Other: 0.2ms
[2023-12-13T19:51:55.456+0400][gc,heap     ] GC(1) Eden regions: 11->0(49)
[2023-12-13T19:51:55.456+0400][gc,heap     ] GC(1) Survivor regions: 7->2(7)
[2023-12-13T19:51:55.456+0400][gc,heap     ] GC(1) Old regions: 1->8
[2023-12-13T19:51:55.456+0400][gc,heap     ] GC(1) Archive regions: 2->2
[2023-12-13T19:51:55.456+0400][gc,heap     ] GC(1) Humongous regions: 129->129
[2023-12-13T19:51:55.456+0400][gc,metaspace] GC(1) Metaspace: 21248K(21504K)->21248K(21504K) NonClass: 18389K(18496K)->18389K(18496K) Class: 2859K(3008K)->2859K(3008K)
[2023-12-13T19:51:55.456+0400][gc          ] GC(1) Pause Young (Concurrent Start) (Metadata GC Threshold) 147M->139M(1024M) 2.648ms
[2023-12-13T19:51:55.456+0400][gc,cpu      ] GC(1) User=0.01s Sys=0.00s Real=0.01s
[2023-12-13T19:51:55.456+0400][gc          ] GC(2) Concurrent Mark Cycle
[2023-12-13T19:51:55.456+0400][gc,marking  ] GC(2) Concurrent Clear Claimed Marks
[2023-12-13T19:51:55.456+0400][gc,marking  ] GC(2) Concurrent Clear Claimed Marks 0.008ms
[2023-12-13T19:51:55.456+0400][gc,marking  ] GC(2) Concurrent Scan Root Regions
[2023-12-13T19:51:55.457+0400][gc,marking  ] GC(2) Concurrent Scan Root Regions 1.239ms
[2023-12-13T19:51:55.457+0400][gc,marking  ] GC(2) Concurrent Mark
[2023-12-13T19:51:55.457+0400][gc,marking  ] GC(2) Concurrent Mark From Roots
[2023-12-13T19:51:55.457+0400][gc,task     ] GC(2) Using 2 workers of 2 for marking
[2023-12-13T19:51:55.458+0400][gc,marking  ] GC(2) Concurrent Mark From Roots 0.850ms
[2023-12-13T19:51:55.458+0400][gc,marking  ] GC(2) Concurrent Preclean
[2023-12-13T19:51:55.458+0400][gc,marking  ] GC(2) Concurrent Preclean 0.028ms
[2023-12-13T19:51:55.458+0400][gc,start    ] GC(2) Pause Remark
[2023-12-13T19:51:55.459+0400][gc          ] GC(2) Pause Remark 139M->139M(1024M) 0.955ms
[2023-12-13T19:51:55.459+0400][gc,cpu      ] GC(2) User=0.00s Sys=0.00s Real=0.00s
[2023-12-13T19:51:55.459+0400][gc,marking  ] GC(2) Concurrent Mark 1.996ms
[2023-12-13T19:51:55.459+0400][gc,marking  ] GC(2) Concurrent Rebuild Remembered Sets
[2023-12-13T19:51:55.461+0400][gc,marking  ] GC(2) Concurrent Rebuild Remembered Sets 1.446ms
[2023-12-13T19:51:55.461+0400][gc,start    ] GC(2) Pause Cleanup
[2023-12-13T19:51:55.461+0400][gc          ] GC(2) Pause Cleanup 139M->139M(1024M) 0.102ms
[2023-12-13T19:51:55.461+0400][gc,cpu      ] GC(2) User=0.00s Sys=0.00s Real=0.00s
[2023-12-13T19:51:55.461+0400][gc,marking  ] GC(2) Concurrent Cleanup for Next Mark
[2023-12-13T19:51:55.464+0400][gc,marking  ] GC(2) Concurrent Cleanup for Next Mark 2.587ms
[2023-12-13T19:51:55.464+0400][gc          ] GC(2) Concurrent Mark Cycle 7.616ms
[2023-12-13T19:51:55.870+0400][gc,start    ] GC(3) Pause Young (Normal) (GCLocker Initiated GC)
[2023-12-13T19:51:55.870+0400][gc,task     ] GC(3) Using 8 workers of 8 for evacuation
[2023-12-13T19:51:55.873+0400][gc,phases   ] GC(3)   Pre Evacuate Collection Set: 0.1ms
[2023-12-13T19:51:55.873+0400][gc,phases   ] GC(3)   Merge Heap Roots: 0.0ms
[2023-12-13T19:51:55.873+0400][gc,phases   ] GC(3)   Evacuate Collection Set: 3.0ms
[2023-12-13T19:51:55.873+0400][gc,phases   ] GC(3)   Post Evacuate Collection Set: 0.3ms
[2023-12-13T19:51:55.873+0400][gc,phases   ] GC(3)   Other: 0.1ms
[2023-12-13T19:51:55.873+0400][gc,heap     ] GC(3) Eden regions: 49->0(45)
[2023-12-13T19:51:55.873+0400][gc,heap     ] GC(3) Survivor regions: 2->6(7)
[2023-12-13T19:51:55.873+0400][gc,heap     ] GC(3) Old regions: 8->8
[2023-12-13T19:51:55.873+0400][gc,heap     ] GC(3) Archive regions: 2->2
[2023-12-13T19:51:55.873+0400][gc,heap     ] GC(3) Humongous regions: 129->129
[2023-12-13T19:51:55.873+0400][gc,metaspace] GC(3) Metaspace: 32760K(33024K)->32760K(33024K) NonClass: 28748K(28928K)->28748K(28928K) Class: 4012K(4096K)->4012K(4096K)
[2023-12-13T19:51:55.873+0400][gc          ] GC(3) Pause Young (Normal) (GCLocker Initiated GC) 188M->143M(1024M) 3.557ms
[2023-12-13T19:51:55.873+0400][gc,cpu      ] GC(3) User=0.03s Sys=0.00s Real=0.00s
[2023-12-13T19:53:12.934+0400][gc,start    ] GC(4) Pause Young (Concurrent Start) (Metadata GC Threshold)
[2023-12-13T19:53:12.934+0400][gc,task     ] GC(4) Using 8 workers of 8 for evacuation
[2023-12-13T19:53:12.937+0400][gc,phases   ] GC(4)   Pre Evacuate Collection Set: 0.1ms
[2023-12-13T19:53:12.937+0400][gc,phases   ] GC(4)   Merge Heap Roots: 0.0ms
[2023-12-13T19:53:12.937+0400][gc,phases   ] GC(4)   Evacuate Collection Set: 2.4ms
[2023-12-13T19:53:12.937+0400][gc,phases   ] GC(4)   Post Evacuate Collection Set: 0.3ms
[2023-12-13T19:53:12.937+0400][gc,phases   ] GC(4)   Other: 0.1ms
[2023-12-13T19:53:12.937+0400][gc,heap     ] GC(4) Eden regions: 15->0(49)
[2023-12-13T19:53:12.937+0400][gc,heap     ] GC(4) Survivor regions: 6->2(7)
[2023-12-13T19:53:12.937+0400][gc,heap     ] GC(4) Old regions: 8->14
[2023-12-13T19:53:12.937+0400][gc,heap     ] GC(4) Archive regions: 2->2
[2023-12-13T19:53:12.937+0400][gc,heap     ] GC(4) Humongous regions: 129->129
[2023-12-13T19:53:12.937+0400][gc,metaspace] GC(4) Metaspace: 35674K(35968K)->35674K(35968K) NonClass: 31235K(31360K)->31235K(31360K) Class: 4439K(4608K)->4439K(4608K)
[2023-12-13T19:53:12.937+0400][gc          ] GC(4) Pause Young (Concurrent Start) (Metadata GC Threshold) 158M->144M(1024M) 2.980ms
[2023-12-13T19:53:12.937+0400][gc,cpu      ] GC(4) User=0.02s Sys=0.00s Real=0.01s
[2023-12-13T19:53:12.937+0400][gc          ] GC(5) Concurrent Mark Cycle
[2023-12-13T19:53:12.937+0400][gc,marking  ] GC(5) Concurrent Clear Claimed Marks
[2023-12-13T19:53:12.937+0400][gc,marking  ] GC(5) Concurrent Clear Claimed Marks 0.020ms
[2023-12-13T19:53:12.937+0400][gc,marking  ] GC(5) Concurrent Scan Root Regions
[2023-12-13T19:53:12.939+0400][gc,marking  ] GC(5) Concurrent Scan Root Regions 2.355ms
[2023-12-13T19:53:12.939+0400][gc,marking  ] GC(5) Concurrent Mark
[2023-12-13T19:53:12.939+0400][gc,marking  ] GC(5) Concurrent Mark From Roots
[2023-12-13T19:53:12.939+0400][gc,task     ] GC(5) Using 2 workers of 2 for marking
[2023-12-13T19:53:12.943+0400][gc,marking  ] GC(5) Concurrent Mark From Roots 3.401ms
[2023-12-13T19:53:12.943+0400][gc,marking  ] GC(5) Concurrent Preclean
[2023-12-13T19:53:12.943+0400][gc,marking  ] GC(5) Concurrent Preclean 0.065ms
[2023-12-13T19:53:12.943+0400][gc,start    ] GC(5) Pause Remark
[2023-12-13T19:53:12.944+0400][gc          ] GC(5) Pause Remark 144M->144M(1024M) 0.869ms
[2023-12-13T19:53:12.944+0400][gc,cpu      ] GC(5) User=0.01s Sys=0.00s Real=0.00s
[2023-12-13T19:53:12.944+0400][gc,marking  ] GC(5) Concurrent Mark 4.468ms
[2023-12-13T19:53:12.944+0400][gc,marking  ] GC(5) Concurrent Rebuild Remembered Sets
[2023-12-13T19:53:12.948+0400][gc,marking  ] GC(5) Concurrent Rebuild Remembered Sets 4.090ms
[2023-12-13T19:53:12.948+0400][gc,start    ] GC(5) Pause Cleanup
[2023-12-13T19:53:12.948+0400][gc          ] GC(5) Pause Cleanup 145M->145M(1024M) 0.110ms
[2023-12-13T19:53:12.948+0400][gc,cpu      ] GC(5) User=0.00s Sys=0.00s Real=0.00s
[2023-12-13T19:53:12.948+0400][gc,marking  ] GC(5) Concurrent Cleanup for Next Mark
[2023-12-13T19:53:12.951+0400][gc,marking  ] GC(5) Concurrent Cleanup for Next Mark 2.522ms
[2023-12-13T19:53:12.951+0400][gc          ] GC(5) Concurrent Mark Cycle 13.753ms
[2023-12-15T10:17:27.032+0400][gc,heap,exit] Heap
[2023-12-15T10:17:27.032+0400][gc,heap,exit]  garbage-first heap   total 1048576K, used 185749K [0x00000000c0000000, 0x0000000100000000)
[2023-12-15T10:17:27.032+0400][gc,heap,exit]   region size 1024K, 39 young (39936K), 2 survivors (2048K)
[2023-12-15T10:17:27.032+0400][gc,heap,exit]  Metaspace       used 39843K, committed 40320K, reserved 1089536K
[2023-12-15T10:17:27.032+0400][gc,heap,exit]   class space    used 5252K, committed 5440K, reserved 1048576K
