[2024-01-30T11:05:55.219+0400][gc] Using G1
[2024-01-30T11:05:55.225+0400][gc,init] Version: 17.0.7+8-LTS-224 (release)
[2024-01-30T11:05:55.225+0400][gc,init] CPUs: 8 total, 8 available
[2024-01-30T11:05:55.225+0400][gc,init] Memory: 15685M
[2024-01-30T11:05:55.225+0400][gc,init] Large Page Support: Disabled
[2024-01-30T11:05:55.225+0400][gc,init] NUMA Support: Disabled
[2024-01-30T11:05:55.225+0400][gc,init] Compressed Oops: Enabled (32-bit)
[2024-01-30T11:05:55.225+0400][gc,init] Heap Region Size: 1M
[2024-01-30T11:05:55.225+0400][gc,init] Heap Min Capacity: 1G
[2024-01-30T11:05:55.225+0400][gc,init] Heap Initial Capacity: 1G
[2024-01-30T11:05:55.225+0400][gc,init] Heap Max Capacity: 1G
[2024-01-30T11:05:55.225+0400][gc,init] Pre-touch: Disabled
[2024-01-30T11:05:55.225+0400][gc,init] Parallel Workers: 8
[2024-01-30T11:05:55.225+0400][gc,init] Concurrent Workers: 2
[2024-01-30T11:05:55.225+0400][gc,init] Concurrent Refinement Workers: 8
[2024-01-30T11:05:55.225+0400][gc,init] Periodic GC: Disabled
[2024-01-30T11:05:55.225+0400][gc,metaspace] CDS archive(s) mapped at: [0x0000000800000000-0x0000000800be3000-0x0000000800be3000), size 12464128, SharedBaseAddress: 0x0000000800000000, ArchiveRelocationMode: 0.
[2024-01-30T11:05:55.225+0400][gc,metaspace] Compressed class space mapped at: 0x0000000800c00000-0x0000000840c00000, reserved size: 1073741824
[2024-01-30T11:05:55.225+0400][gc,metaspace] Narrow klass base: 0x0000000800000000, Narrow klass shift: 0, Narrow klass range: 0x100000000
[2024-01-30T11:05:55.933+0400][gc,start    ] GC(0) Pause Young (Normal) (G1 Evacuation Pause)
[2024-01-30T11:05:55.933+0400][gc,task     ] GC(0) Using 8 workers of 8 for evacuation
[2024-01-30T11:05:55.936+0400][gc,phases   ] GC(0)   Pre Evacuate Collection Set: 0.1ms
[2024-01-30T11:05:55.936+0400][gc,phases   ] GC(0)   Merge Heap Roots: 0.1ms
[2024-01-30T11:05:55.936+0400][gc,phases   ] GC(0)   Evacuate Collection Set: 2.5ms
[2024-01-30T11:05:55.936+0400][gc,phases   ] GC(0)   Post Evacuate Collection Set: 0.3ms
[2024-01-30T11:05:55.936+0400][gc,phases   ] GC(0)   Other: 0.7ms
[2024-01-30T11:05:55.936+0400][gc,heap     ] GC(0) Eden regions: 51->0(44)
[2024-01-30T11:05:55.936+0400][gc,heap     ] GC(0) Survivor regions: 0->7(7)
[2024-01-30T11:05:55.936+0400][gc,heap     ] GC(0) Old regions: 0->1
[2024-01-30T11:05:55.936+0400][gc,heap     ] GC(0) Archive regions: 2->2
[2024-01-30T11:05:55.936+0400][gc,heap     ] GC(0) Humongous regions: 0->0
[2024-01-30T11:05:55.936+0400][gc,metaspace] GC(0) Metaspace: 18970K(19072K)->18970K(19072K) NonClass: 16454K(16512K)->16454K(16512K) Class: 2516K(2560K)->2516K(2560K)
[2024-01-30T11:05:55.936+0400][gc          ] GC(0) Pause Young (Normal) (G1 Evacuation Pause) 51M->8M(1024M) 3.707ms
[2024-01-30T11:05:55.936+0400][gc,cpu      ] GC(0) User=0.01s Sys=0.00s Real=0.00s
[2024-01-30T11:05:56.091+0400][gc,start    ] GC(1) Pause Young (Concurrent Start) (Metadata GC Threshold)
[2024-01-30T11:05:56.091+0400][gc,task     ] GC(1) Using 8 workers of 8 for evacuation
[2024-01-30T11:05:56.094+0400][gc,phases   ] GC(1)   Pre Evacuate Collection Set: 0.1ms
[2024-01-30T11:05:56.094+0400][gc,phases   ] GC(1)   Merge Heap Roots: 0.0ms
[2024-01-30T11:05:56.094+0400][gc,phases   ] GC(1)   Evacuate Collection Set: 2.3ms
[2024-01-30T11:05:56.094+0400][gc,phases   ] GC(1)   Post Evacuate Collection Set: 0.2ms
[2024-01-30T11:05:56.094+0400][gc,phases   ] GC(1)   Other: 0.1ms
[2024-01-30T11:05:56.094+0400][gc,heap     ] GC(1) Eden regions: 10->0(49)
[2024-01-30T11:05:56.094+0400][gc,heap     ] GC(1) Survivor regions: 7->2(7)
[2024-01-30T11:05:56.094+0400][gc,heap     ] GC(1) Old regions: 1->8
[2024-01-30T11:05:56.094+0400][gc,heap     ] GC(1) Archive regions: 2->2
[2024-01-30T11:05:56.094+0400][gc,heap     ] GC(1) Humongous regions: 129->129
[2024-01-30T11:05:56.094+0400][gc,metaspace] GC(1) Metaspace: 21297K(21504K)->21297K(21504K) NonClass: 18440K(18560K)->18440K(18560K) Class: 2857K(2944K)->2857K(2944K)
[2024-01-30T11:05:56.094+0400][gc          ] GC(1) Pause Young (Concurrent Start) (Metadata GC Threshold) 147M->139M(1024M) 2.777ms
[2024-01-30T11:05:56.094+0400][gc,cpu      ] GC(1) User=0.01s Sys=0.00s Real=0.00s
[2024-01-30T11:05:56.094+0400][gc          ] GC(2) Concurrent Mark Cycle
[2024-01-30T11:05:56.094+0400][gc,marking  ] GC(2) Concurrent Clear Claimed Marks
[2024-01-30T11:05:56.094+0400][gc,marking  ] GC(2) Concurrent Clear Claimed Marks 0.010ms
[2024-01-30T11:05:56.094+0400][gc,marking  ] GC(2) Concurrent Scan Root Regions
[2024-01-30T11:05:56.096+0400][gc,marking  ] GC(2) Concurrent Scan Root Regions 2.024ms
[2024-01-30T11:05:56.096+0400][gc,marking  ] GC(2) Concurrent Mark
[2024-01-30T11:05:56.096+0400][gc,marking  ] GC(2) Concurrent Mark From Roots
[2024-01-30T11:05:56.096+0400][gc,task     ] GC(2) Using 2 workers of 2 for marking
[2024-01-30T11:05:56.098+0400][gc,marking  ] GC(2) Concurrent Mark From Roots 1.347ms
[2024-01-30T11:05:56.098+0400][gc,marking  ] GC(2) Concurrent Preclean
[2024-01-30T11:05:56.098+0400][gc,marking  ] GC(2) Concurrent Preclean 0.038ms
[2024-01-30T11:05:56.098+0400][gc,start    ] GC(2) Pause Remark
[2024-01-30T11:05:56.099+0400][gc          ] GC(2) Pause Remark 139M->139M(1024M) 0.980ms
[2024-01-30T11:05:56.099+0400][gc,cpu      ] GC(2) User=0.01s Sys=0.00s Real=0.00s
[2024-01-30T11:05:56.099+0400][gc,marking  ] GC(2) Concurrent Mark 2.482ms
[2024-01-30T11:05:56.099+0400][gc,marking  ] GC(2) Concurrent Rebuild Remembered Sets
[2024-01-30T11:05:56.101+0400][gc,marking  ] GC(2) Concurrent Rebuild Remembered Sets 1.901ms
[2024-01-30T11:05:56.101+0400][gc,start    ] GC(2) Pause Cleanup
[2024-01-30T11:05:56.101+0400][gc          ] GC(2) Pause Cleanup 139M->139M(1024M) 0.057ms
[2024-01-30T11:05:56.101+0400][gc,cpu      ] GC(2) User=0.00s Sys=0.00s Real=0.00s
[2024-01-30T11:05:56.101+0400][gc,marking  ] GC(2) Concurrent Cleanup for Next Mark
[2024-01-30T11:05:56.104+0400][gc,marking  ] GC(2) Concurrent Cleanup for Next Mark 3.126ms
[2024-01-30T11:05:56.104+0400][gc          ] GC(2) Concurrent Mark Cycle 9.814ms
[2024-01-30T11:05:56.560+0400][gc,start    ] GC(3) Pause Young (Normal) (G1 Evacuation Pause)
[2024-01-30T11:05:56.560+0400][gc,task     ] GC(3) Using 8 workers of 8 for evacuation
[2024-01-30T11:05:56.565+0400][gc,phases   ] GC(3)   Pre Evacuate Collection Set: 0.1ms
[2024-01-30T11:05:56.565+0400][gc,phases   ] GC(3)   Merge Heap Roots: 0.0ms
[2024-01-30T11:05:56.565+0400][gc,phases   ] GC(3)   Evacuate Collection Set: 3.9ms
[2024-01-30T11:05:56.565+0400][gc,phases   ] GC(3)   Post Evacuate Collection Set: 0.4ms
[2024-01-30T11:05:56.565+0400][gc,phases   ] GC(3)   Other: 0.1ms
[2024-01-30T11:05:56.565+0400][gc,heap     ] GC(3) Eden regions: 49->0(45)
[2024-01-30T11:05:56.565+0400][gc,heap     ] GC(3) Survivor regions: 2->6(7)
[2024-01-30T11:05:56.565+0400][gc,heap     ] GC(3) Old regions: 8->8
[2024-01-30T11:05:56.565+0400][gc,heap     ] GC(3) Archive regions: 2->2
[2024-01-30T11:05:56.565+0400][gc,heap     ] GC(3) Humongous regions: 129->129
[2024-01-30T11:05:56.565+0400][gc,metaspace] GC(3) Metaspace: 32769K(33024K)->32769K(33024K) NonClass: 28764K(28928K)->28764K(28928K) Class: 4004K(4096K)->4004K(4096K)
[2024-01-30T11:05:56.565+0400][gc          ] GC(3) Pause Young (Normal) (G1 Evacuation Pause) 188M->143M(1024M) 4.582ms
[2024-01-30T11:05:56.565+0400][gc,cpu      ] GC(3) User=0.02s Sys=0.00s Real=0.01s
[2024-01-30T13:02:57.448+0400][gc,start    ] GC(4) Pause Young (Concurrent Start) (Metadata GC Threshold)
[2024-01-30T13:02:57.448+0400][gc,task     ] GC(4) Using 8 workers of 8 for evacuation
[2024-01-30T13:02:57.454+0400][gc,phases   ] GC(4)   Pre Evacuate Collection Set: 0.2ms
[2024-01-30T13:02:57.454+0400][gc,phases   ] GC(4)   Merge Heap Roots: 0.1ms
[2024-01-30T13:02:57.454+0400][gc,phases   ] GC(4)   Evacuate Collection Set: 4.9ms
[2024-01-30T13:02:57.454+0400][gc,phases   ] GC(4)   Post Evacuate Collection Set: 0.5ms
[2024-01-30T13:02:57.454+0400][gc,phases   ] GC(4)   Other: 0.3ms
[2024-01-30T13:02:57.454+0400][gc,heap     ] GC(4) Eden regions: 35->0(50)
[2024-01-30T13:02:57.454+0400][gc,heap     ] GC(4) Survivor regions: 6->1(7)
[2024-01-30T13:02:57.454+0400][gc,heap     ] GC(4) Old regions: 8->14
[2024-01-30T13:02:57.454+0400][gc,heap     ] GC(4) Archive regions: 2->2
[2024-01-30T13:02:57.454+0400][gc,heap     ] GC(4) Humongous regions: 129->129
[2024-01-30T13:02:57.454+0400][gc,metaspace] GC(4) Metaspace: 35786K(36096K)->35786K(36096K) NonClass: 31415K(31552K)->31415K(31552K) Class: 4371K(4544K)->4371K(4544K)
[2024-01-30T13:02:57.454+0400][gc          ] GC(4) Pause Young (Concurrent Start) (Metadata GC Threshold) 178M->144M(1024M) 6.068ms
[2024-01-30T13:02:57.454+0400][gc,cpu      ] GC(4) User=0.04s Sys=0.00s Real=0.01s
[2024-01-30T13:02:57.454+0400][gc          ] GC(5) Concurrent Mark Cycle
[2024-01-30T13:02:57.454+0400][gc,marking  ] GC(5) Concurrent Clear Claimed Marks
[2024-01-30T13:02:57.454+0400][gc,marking  ] GC(5) Concurrent Clear Claimed Marks 0.027ms
[2024-01-30T13:02:57.454+0400][gc,marking  ] GC(5) Concurrent Scan Root Regions
[2024-01-30T13:02:57.458+0400][gc,marking  ] GC(5) Concurrent Scan Root Regions 3.278ms
[2024-01-30T13:02:57.458+0400][gc,marking  ] GC(5) Concurrent Mark
[2024-01-30T13:02:57.458+0400][gc,marking  ] GC(5) Concurrent Mark From Roots
[2024-01-30T13:02:57.458+0400][gc,task     ] GC(5) Using 2 workers of 2 for marking
[2024-01-30T13:02:57.462+0400][gc,marking  ] GC(5) Concurrent Mark From Roots 4.730ms
[2024-01-30T13:02:57.462+0400][gc,marking  ] GC(5) Concurrent Preclean
[2024-01-30T13:02:57.463+0400][gc,marking  ] GC(5) Concurrent Preclean 0.273ms
[2024-01-30T13:02:57.463+0400][gc,start    ] GC(5) Pause Remark
[2024-01-30T13:02:57.465+0400][gc          ] GC(5) Pause Remark 144M->144M(1024M) 2.642ms
[2024-01-30T13:02:57.465+0400][gc,cpu      ] GC(5) User=0.02s Sys=0.00s Real=0.01s
[2024-01-30T13:02:57.465+0400][gc,marking  ] GC(5) Concurrent Mark 7.851ms
[2024-01-30T13:02:57.466+0400][gc,marking  ] GC(5) Concurrent Rebuild Remembered Sets
[2024-01-30T13:02:57.469+0400][gc,marking  ] GC(5) Concurrent Rebuild Remembered Sets 3.851ms
[2024-01-30T13:02:57.470+0400][gc,start    ] GC(5) Pause Cleanup
[2024-01-30T13:02:57.470+0400][gc          ] GC(5) Pause Cleanup 144M->144M(1024M) 0.159ms
[2024-01-30T13:02:57.470+0400][gc,cpu      ] GC(5) User=0.00s Sys=0.00s Real=0.00s
[2024-01-30T13:02:57.470+0400][gc,marking  ] GC(5) Concurrent Cleanup for Next Mark
[2024-01-30T13:02:57.473+0400][gc,marking  ] GC(5) Concurrent Cleanup for Next Mark 3.232ms
[2024-01-30T13:02:57.473+0400][gc          ] GC(5) Concurrent Mark Cycle 18.794ms
[2024-01-30T15:08:08.997+0400][gc,start    ] GC(6) Pause Young (Normal) (G1 Evacuation Pause)
[2024-01-30T15:08:08.998+0400][gc,task     ] GC(6) Using 8 workers of 8 for evacuation
[2024-01-30T15:08:09.001+0400][gc,phases   ] GC(6)   Pre Evacuate Collection Set: 0.2ms
[2024-01-30T15:08:09.001+0400][gc,phases   ] GC(6)   Merge Heap Roots: 0.1ms
[2024-01-30T15:08:09.001+0400][gc,phases   ] GC(6)   Evacuate Collection Set: 2.2ms
[2024-01-30T15:08:09.001+0400][gc,phases   ] GC(6)   Post Evacuate Collection Set: 0.7ms
[2024-01-30T15:08:09.001+0400][gc,phases   ] GC(6)   Other: 0.2ms
[2024-01-30T15:08:09.001+0400][gc,heap     ] GC(6) Eden regions: 50->0(50)
[2024-01-30T15:08:09.001+0400][gc,heap     ] GC(6) Survivor regions: 1->1(7)
[2024-01-30T15:08:09.001+0400][gc,heap     ] GC(6) Old regions: 14->14
[2024-01-30T15:08:09.001+0400][gc,heap     ] GC(6) Archive regions: 2->2
[2024-01-30T15:08:09.001+0400][gc,heap     ] GC(6) Humongous regions: 129->129
[2024-01-30T15:08:09.001+0400][gc,metaspace] GC(6) Metaspace: 36016K(36352K)->36016K(36352K) NonClass: 31653K(31808K)->31653K(31808K) Class: 4363K(4544K)->4363K(4544K)
[2024-01-30T15:08:09.001+0400][gc          ] GC(6) Pause Young (Normal) (G1 Evacuation Pause) 194M->144M(1024M) 3.456ms
[2024-01-30T15:08:09.001+0400][gc,cpu      ] GC(6) User=0.02s Sys=0.00s Real=0.00s
[2024-02-01T11:28:38.757+0400][gc,start    ] GC(7) Pause Young (Normal) (G1 Evacuation Pause)
[2024-02-01T11:28:38.757+0400][gc,task     ] GC(7) Using 8 workers of 8 for evacuation
[2024-02-01T11:28:38.760+0400][gc,phases   ] GC(7)   Pre Evacuate Collection Set: 0.2ms
[2024-02-01T11:28:38.760+0400][gc,phases   ] GC(7)   Merge Heap Roots: 0.1ms
[2024-02-01T11:28:38.760+0400][gc,phases   ] GC(7)   Evacuate Collection Set: 1.6ms
[2024-02-01T11:28:38.760+0400][gc,phases   ] GC(7)   Post Evacuate Collection Set: 0.7ms
[2024-02-01T11:28:38.760+0400][gc,phases   ] GC(7)   Other: 0.2ms
[2024-02-01T11:28:38.760+0400][gc,heap     ] GC(7) Eden regions: 50->0(58)
[2024-02-01T11:28:38.760+0400][gc,heap     ] GC(7) Survivor regions: 1->1(7)
[2024-02-01T11:28:38.760+0400][gc,heap     ] GC(7) Old regions: 14->14
[2024-02-01T11:28:38.760+0400][gc,heap     ] GC(7) Archive regions: 2->2
[2024-02-01T11:28:38.760+0400][gc,heap     ] GC(7) Humongous regions: 129->129
[2024-02-01T11:28:38.760+0400][gc,metaspace] GC(7) Metaspace: 36059K(36416K)->36059K(36416K) NonClass: 31696K(31872K)->31696K(31872K) Class: 4363K(4544K)->4363K(4544K)
[2024-02-01T11:28:38.760+0400][gc          ] GC(7) Pause Young (Normal) (G1 Evacuation Pause) 194M->144M(1024M) 2.795ms
[2024-02-01T11:28:38.760+0400][gc,cpu      ] GC(7) User=0.01s Sys=0.00s Real=0.00s
[2024-02-01T19:05:21.103+0400][gc,start    ] GC(8) Pause Young (Normal) (G1 Evacuation Pause)
[2024-02-01T19:05:21.103+0400][gc,task     ] GC(8) Using 8 workers of 8 for evacuation
[2024-02-01T19:05:21.106+0400][gc,phases   ] GC(8)   Pre Evacuate Collection Set: 0.2ms
[2024-02-01T19:05:21.106+0400][gc,phases   ] GC(8)   Merge Heap Roots: 0.1ms
[2024-02-01T19:05:21.106+0400][gc,phases   ] GC(8)   Evacuate Collection Set: 1.7ms
[2024-02-01T19:05:21.106+0400][gc,phases   ] GC(8)   Post Evacuate Collection Set: 0.7ms
[2024-02-01T19:05:21.106+0400][gc,phases   ] GC(8)   Other: 0.2ms
[2024-02-01T19:05:21.106+0400][gc,heap     ] GC(8) Eden regions: 58->0(398)
[2024-02-01T19:05:21.106+0400][gc,heap     ] GC(8) Survivor regions: 1->1(8)
[2024-02-01T19:05:21.106+0400][gc,heap     ] GC(8) Old regions: 14->14
[2024-02-01T19:05:21.106+0400][gc,heap     ] GC(8) Archive regions: 2->2
[2024-02-01T19:05:21.106+0400][gc,heap     ] GC(8) Humongous regions: 129->129
[2024-02-01T19:05:21.106+0400][gc,metaspace] GC(8) Metaspace: 36094K(36416K)->36094K(36416K) NonClass: 31730K(31872K)->31730K(31872K) Class: 4363K(4544K)->4363K(4544K)
[2024-02-01T19:05:21.106+0400][gc          ] GC(8) Pause Young (Normal) (G1 Evacuation Pause) 202M->144M(1024M) 2.980ms
[2024-02-01T19:05:21.106+0400][gc,cpu      ] GC(8) User=0.02s Sys=0.00s Real=0.00s
[2024-02-02T10:43:03.862+0400][gc,heap,exit] Heap
[2024-02-02T10:43:03.862+0400][gc,heap,exit]  garbage-first heap   total 1048576K, used 436536K [0x00000000c0000000, 0x0000000100000000)
[2024-02-02T10:43:03.862+0400][gc,heap,exit]   region size 1024K, 284 young (290816K), 1 survivors (1024K)
[2024-02-02T10:43:03.862+0400][gc,heap,exit]  Metaspace       used 44753K, committed 45312K, reserved 1089536K
[2024-02-02T10:43:03.862+0400][gc,heap,exit]   class space    used 5798K, committed 6016K, reserved 1048576K
