[2023-12-12T12:58:20.729+0400][gc] Using G1
[2023-12-12T12:58:20.736+0400][gc,init] Version: 17.0.7+8-LTS-224 (release)
[2023-12-12T12:58:20.736+0400][gc,init] CPUs: 8 total, 8 available
[2023-12-12T12:58:20.736+0400][gc,init] Memory: 15697M
[2023-12-12T12:58:20.736+0400][gc,init] Large Page Support: Disabled
[2023-12-12T12:58:20.736+0400][gc,init] NUMA Support: Disabled
[2023-12-12T12:58:20.736+0400][gc,init] Compressed Oops: Enabled (32-bit)
[2023-12-12T12:58:20.736+0400][gc,init] Heap Region Size: 1M
[2023-12-12T12:58:20.736+0400][gc,init] Heap Min Capacity: 1G
[2023-12-12T12:58:20.736+0400][gc,init] Heap Initial Capacity: 1G
[2023-12-12T12:58:20.736+0400][gc,init] Heap Max Capacity: 1G
[2023-12-12T12:58:20.736+0400][gc,init] Pre-touch: Disabled
[2023-12-12T12:58:20.736+0400][gc,init] Parallel Workers: 8
[2023-12-12T12:58:20.736+0400][gc,init] Concurrent Workers: 2
[2023-12-12T12:58:20.736+0400][gc,init] Concurrent Refinement Workers: 8
[2023-12-12T12:58:20.736+0400][gc,init] Periodic GC: Disabled
[2023-12-12T12:58:20.736+0400][gc,metaspace] CDS archive(s) mapped at: [0x0000000800000000-0x0000000800be3000-0x0000000800be3000), size 12464128, SharedBaseAddress: 0x0000000800000000, ArchiveRelocationMode: 0.
[2023-12-12T12:58:20.736+0400][gc,metaspace] Compressed class space mapped at: 0x0000000800c00000-0x0000000840c00000, reserved size: 1073741824
[2023-12-12T12:58:20.736+0400][gc,metaspace] Narrow klass base: 0x0000000800000000, Narrow klass shift: 0, Narrow klass range: 0x100000000
[2023-12-12T12:58:21.500+0400][gc,start    ] GC(0) Pause Young (Normal) (G1 Evacuation Pause)
[2023-12-12T12:58:21.500+0400][gc,task     ] GC(0) Using 8 workers of 8 for evacuation
[2023-12-12T12:58:21.504+0400][gc,phases   ] GC(0)   Pre Evacuate Collection Set: 0.1ms
[2023-12-12T12:58:21.504+0400][gc,phases   ] GC(0)   Merge Heap Roots: 0.0ms
[2023-12-12T12:58:21.504+0400][gc,phases   ] GC(0)   Evacuate Collection Set: 3.3ms
[2023-12-12T12:58:21.504+0400][gc,phases   ] GC(0)   Post Evacuate Collection Set: 0.4ms
[2023-12-12T12:58:21.504+0400][gc,phases   ] GC(0)   Other: 0.5ms
[2023-12-12T12:58:21.504+0400][gc,heap     ] GC(0) Eden regions: 51->0(44)
[2023-12-12T12:58:21.504+0400][gc,heap     ] GC(0) Survivor regions: 0->7(7)
[2023-12-12T12:58:21.504+0400][gc,heap     ] GC(0) Old regions: 0->1
[2023-12-12T12:58:21.504+0400][gc,heap     ] GC(0) Archive regions: 2->2
[2023-12-12T12:58:21.504+0400][gc,heap     ] GC(0) Humongous regions: 0->0
[2023-12-12T12:58:21.504+0400][gc,metaspace] GC(0) Metaspace: 19006K(19200K)->19006K(19200K) NonClass: 16490K(16640K)->16490K(16640K) Class: 2516K(2560K)->2516K(2560K)
[2023-12-12T12:58:21.504+0400][gc          ] GC(0) Pause Young (Normal) (G1 Evacuation Pause) 51M->8M(1024M) 4.390ms
[2023-12-12T12:58:21.504+0400][gc,cpu      ] GC(0) User=0.02s Sys=0.00s Real=0.00s
[2023-12-12T12:58:21.646+0400][gc,start    ] GC(1) Pause Young (Concurrent Start) (Metadata GC Threshold)
[2023-12-12T12:58:21.646+0400][gc,task     ] GC(1) Using 8 workers of 8 for evacuation
[2023-12-12T12:58:21.648+0400][gc,phases   ] GC(1)   Pre Evacuate Collection Set: 0.1ms
[2023-12-12T12:58:21.648+0400][gc,phases   ] GC(1)   Merge Heap Roots: 0.0ms
[2023-12-12T12:58:21.649+0400][gc,phases   ] GC(1)   Evacuate Collection Set: 2.1ms
[2023-12-12T12:58:21.649+0400][gc,phases   ] GC(1)   Post Evacuate Collection Set: 0.3ms
[2023-12-12T12:58:21.649+0400][gc,phases   ] GC(1)   Other: 0.2ms
[2023-12-12T12:58:21.649+0400][gc,heap     ] GC(1) Eden regions: 10->0(49)
[2023-12-12T12:58:21.649+0400][gc,heap     ] GC(1) Survivor regions: 7->2(7)
[2023-12-12T12:58:21.649+0400][gc,heap     ] GC(1) Old regions: 1->8
[2023-12-12T12:58:21.649+0400][gc,heap     ] GC(1) Archive regions: 2->2
[2023-12-12T12:58:21.649+0400][gc,heap     ] GC(1) Humongous regions: 129->129
[2023-12-12T12:58:21.649+0400][gc,metaspace] GC(1) Metaspace: 21291K(21504K)->21291K(21504K) NonClass: 18437K(18560K)->18437K(18560K) Class: 2853K(2944K)->2853K(2944K)
[2023-12-12T12:58:21.649+0400][gc          ] GC(1) Pause Young (Concurrent Start) (Metadata GC Threshold) 147M->138M(1024M) 2.709ms
[2023-12-12T12:58:21.649+0400][gc,cpu      ] GC(1) User=0.01s Sys=0.00s Real=0.01s
[2023-12-12T12:58:21.649+0400][gc          ] GC(2) Concurrent Mark Cycle
[2023-12-12T12:58:21.649+0400][gc,marking  ] GC(2) Concurrent Clear Claimed Marks
[2023-12-12T12:58:21.649+0400][gc,marking  ] GC(2) Concurrent Clear Claimed Marks 0.011ms
[2023-12-12T12:58:21.649+0400][gc,marking  ] GC(2) Concurrent Scan Root Regions
[2023-12-12T12:58:21.650+0400][gc,marking  ] GC(2) Concurrent Scan Root Regions 1.571ms
[2023-12-12T12:58:21.650+0400][gc,marking  ] GC(2) Concurrent Mark
[2023-12-12T12:58:21.650+0400][gc,marking  ] GC(2) Concurrent Mark From Roots
[2023-12-12T12:58:21.650+0400][gc,task     ] GC(2) Using 2 workers of 2 for marking
[2023-12-12T12:58:21.651+0400][gc,marking  ] GC(2) Concurrent Mark From Roots 1.233ms
[2023-12-12T12:58:21.651+0400][gc,marking  ] GC(2) Concurrent Preclean
[2023-12-12T12:58:21.651+0400][gc,marking  ] GC(2) Concurrent Preclean 0.032ms
[2023-12-12T12:58:21.652+0400][gc,start    ] GC(2) Pause Remark
[2023-12-12T12:58:21.653+0400][gc          ] GC(2) Pause Remark 139M->139M(1024M) 1.073ms
[2023-12-12T12:58:21.653+0400][gc,cpu      ] GC(2) User=0.01s Sys=0.00s Real=0.00s
[2023-12-12T12:58:21.653+0400][gc,marking  ] GC(2) Concurrent Mark 2.508ms
[2023-12-12T12:58:21.653+0400][gc,marking  ] GC(2) Concurrent Rebuild Remembered Sets
[2023-12-12T12:58:21.655+0400][gc,marking  ] GC(2) Concurrent Rebuild Remembered Sets 2.216ms
[2023-12-12T12:58:21.655+0400][gc,start    ] GC(2) Pause Cleanup
[2023-12-12T12:58:21.655+0400][gc          ] GC(2) Pause Cleanup 139M->139M(1024M) 0.123ms
[2023-12-12T12:58:21.655+0400][gc,cpu      ] GC(2) User=0.00s Sys=0.00s Real=0.00s
[2023-12-12T12:58:21.655+0400][gc,marking  ] GC(2) Concurrent Cleanup for Next Mark
[2023-12-12T12:58:21.658+0400][gc,marking  ] GC(2) Concurrent Cleanup for Next Mark 3.204ms
[2023-12-12T12:58:21.658+0400][gc          ] GC(2) Concurrent Mark Cycle 9.891ms
[2023-12-12T12:58:22.118+0400][gc,start    ] GC(3) Pause Young (Normal) (G1 Evacuation Pause)
[2023-12-12T12:58:22.118+0400][gc,task     ] GC(3) Using 8 workers of 8 for evacuation
[2023-12-12T12:58:22.121+0400][gc,phases   ] GC(3)   Pre Evacuate Collection Set: 0.1ms
[2023-12-12T12:58:22.121+0400][gc,phases   ] GC(3)   Merge Heap Roots: 0.0ms
[2023-12-12T12:58:22.121+0400][gc,phases   ] GC(3)   Evacuate Collection Set: 2.5ms
[2023-12-12T12:58:22.121+0400][gc,phases   ] GC(3)   Post Evacuate Collection Set: 0.3ms
[2023-12-12T12:58:22.121+0400][gc,phases   ] GC(3)   Other: 0.1ms
[2023-12-12T12:58:22.121+0400][gc,heap     ] GC(3) Eden regions: 49->0(45)
[2023-12-12T12:58:22.121+0400][gc,heap     ] GC(3) Survivor regions: 2->6(7)
[2023-12-12T12:58:22.121+0400][gc,heap     ] GC(3) Old regions: 8->8
[2023-12-12T12:58:22.121+0400][gc,heap     ] GC(3) Archive regions: 2->2
[2023-12-12T12:58:22.121+0400][gc,heap     ] GC(3) Humongous regions: 129->129
[2023-12-12T12:58:22.121+0400][gc,metaspace] GC(3) Metaspace: 32703K(32960K)->32703K(32960K) NonClass: 28731K(28864K)->28731K(28864K) Class: 3972K(4096K)->3972K(4096K)
[2023-12-12T12:58:22.121+0400][gc          ] GC(3) Pause Young (Normal) (G1 Evacuation Pause) 187M->143M(1024M) 3.078ms
[2023-12-12T12:58:22.121+0400][gc,cpu      ] GC(3) User=0.02s Sys=0.00s Real=0.01s
[2023-12-12T18:48:03.381+0400][gc,start    ] GC(4) Pause Young (Concurrent Start) (Metadata GC Threshold)
[2023-12-12T18:48:03.381+0400][gc,task     ] GC(4) Using 8 workers of 8 for evacuation
[2023-12-12T18:48:03.384+0400][gc,phases   ] GC(4)   Pre Evacuate Collection Set: 0.1ms
[2023-12-12T18:48:03.384+0400][gc,phases   ] GC(4)   Merge Heap Roots: 0.1ms
[2023-12-12T18:48:03.384+0400][gc,phases   ] GC(4)   Evacuate Collection Set: 2.6ms
[2023-12-12T18:48:03.384+0400][gc,phases   ] GC(4)   Post Evacuate Collection Set: 0.3ms
[2023-12-12T18:48:03.384+0400][gc,phases   ] GC(4)   Other: 0.1ms
[2023-12-12T18:48:03.384+0400][gc,heap     ] GC(4) Eden regions: 27->0(50)
[2023-12-12T18:48:03.384+0400][gc,heap     ] GC(4) Survivor regions: 6->1(7)
[2023-12-12T18:48:03.384+0400][gc,heap     ] GC(4) Old regions: 8->13
[2023-12-12T18:48:03.384+0400][gc,heap     ] GC(4) Archive regions: 2->2
[2023-12-12T18:48:03.384+0400][gc,heap     ] GC(4) Humongous regions: 129->129
[2023-12-12T18:48:03.384+0400][gc,metaspace] GC(4) Metaspace: 35829K(36096K)->35829K(36096K) NonClass: 31416K(31552K)->31416K(31552K) Class: 4413K(4544K)->4413K(4544K)
[2023-12-12T18:48:03.384+0400][gc          ] GC(4) Pause Young (Concurrent Start) (Metadata GC Threshold) 169M->143M(1024M) 3.284ms
[2023-12-12T18:48:03.384+0400][gc,cpu      ] GC(4) User=0.02s Sys=0.00s Real=0.00s
[2023-12-12T18:48:03.384+0400][gc          ] GC(5) Concurrent Mark Cycle
[2023-12-12T18:48:03.384+0400][gc,marking  ] GC(5) Concurrent Clear Claimed Marks
[2023-12-12T18:48:03.384+0400][gc,marking  ] GC(5) Concurrent Clear Claimed Marks 0.019ms
[2023-12-12T18:48:03.384+0400][gc,marking  ] GC(5) Concurrent Scan Root Regions
[2023-12-12T18:48:03.390+0400][gc,marking  ] GC(5) Concurrent Scan Root Regions 5.156ms
[2023-12-12T18:48:03.390+0400][gc,marking  ] GC(5) Concurrent Mark
[2023-12-12T18:48:03.390+0400][gc,marking  ] GC(5) Concurrent Mark From Roots
[2023-12-12T18:48:03.390+0400][gc,task     ] GC(5) Using 2 workers of 2 for marking
[2023-12-12T18:48:03.395+0400][gc,marking  ] GC(5) Concurrent Mark From Roots 5.778ms
[2023-12-12T18:48:03.395+0400][gc,marking  ] GC(5) Concurrent Preclean
[2023-12-12T18:48:03.396+0400][gc,marking  ] GC(5) Concurrent Preclean 0.207ms
[2023-12-12T18:48:03.396+0400][gc,start    ] GC(5) Pause Remark
[2023-12-12T18:48:03.399+0400][gc          ] GC(5) Pause Remark 145M->145M(1024M) 3.012ms
[2023-12-12T18:48:03.399+0400][gc,cpu      ] GC(5) User=0.02s Sys=0.00s Real=0.01s
[2023-12-12T18:48:03.402+0400][gc,marking  ] GC(5) Concurrent Mark 11.973ms
[2023-12-12T18:48:03.402+0400][gc,marking  ] GC(5) Concurrent Rebuild Remembered Sets
[2023-12-12T18:48:03.406+0400][gc,marking  ] GC(5) Concurrent Rebuild Remembered Sets 4.369ms
[2023-12-12T18:48:03.406+0400][gc,start    ] GC(5) Pause Cleanup
[2023-12-12T18:48:03.406+0400][gc          ] GC(5) Pause Cleanup 146M->146M(1024M) 0.137ms
[2023-12-12T18:48:03.406+0400][gc,cpu      ] GC(5) User=0.00s Sys=0.00s Real=0.00s
[2023-12-12T18:48:03.406+0400][gc,marking  ] GC(5) Concurrent Cleanup for Next Mark
[2023-12-12T18:48:03.410+0400][gc,marking  ] GC(5) Concurrent Cleanup for Next Mark 3.561ms
[2023-12-12T18:48:03.410+0400][gc          ] GC(5) Concurrent Mark Cycle 25.505ms
[2023-12-12T18:48:03.566+0400][gc,heap,exit] Heap
[2023-12-12T18:48:03.566+0400][gc,heap,exit]  garbage-first heap   total 1048576K, used 157270K [0x00000000c0000000, 0x0000000100000000)
[2023-12-12T18:48:03.566+0400][gc,heap,exit]   region size 1024K, 11 young (11264K), 1 survivors (1024K)
[2023-12-12T18:48:03.566+0400][gc,heap,exit]  Metaspace       used 36305K, committed 36608K, reserved 1081344K
[2023-12-12T18:48:03.566+0400][gc,heap,exit]   class space    used 4515K, committed 4672K, reserved 1048576K
