[2024-02-28T11:49:16.270+0400][gc] Using G1
[2024-02-28T11:49:16.277+0400][gc,init] Version: 17.0.7+8-LTS-224 (release)
[2024-02-28T11:49:16.277+0400][gc,init] CPUs: 8 total, 8 available
[2024-02-28T11:49:16.277+0400][gc,init] Memory: 15685M
[2024-02-28T11:49:16.277+0400][gc,init] Large Page Support: Disabled
[2024-02-28T11:49:16.277+0400][gc,init] NUMA Support: Disabled
[2024-02-28T11:49:16.277+0400][gc,init] Compressed Oops: Enabled (32-bit)
[2024-02-28T11:49:16.277+0400][gc,init] Heap Region Size: 1M
[2024-02-28T11:49:16.277+0400][gc,init] Heap Min Capacity: 1G
[2024-02-28T11:49:16.277+0400][gc,init] Heap Initial Capacity: 1G
[2024-02-28T11:49:16.277+0400][gc,init] Heap Max Capacity: 1G
[2024-02-28T11:49:16.277+0400][gc,init] Pre-touch: Disabled
[2024-02-28T11:49:16.277+0400][gc,init] Parallel Workers: 8
[2024-02-28T11:49:16.277+0400][gc,init] Concurrent Workers: 2
[2024-02-28T11:49:16.277+0400][gc,init] Concurrent Refinement Workers: 8
[2024-02-28T11:49:16.277+0400][gc,init] Periodic GC: Disabled
[2024-02-28T11:49:16.277+0400][gc,metaspace] CDS archive(s) mapped at: [0x0000000800000000-0x0000000800be3000-0x0000000800be3000), size 12464128, SharedBaseAddress: 0x0000000800000000, ArchiveRelocationMode: 0.
[2024-02-28T11:49:16.277+0400][gc,metaspace] Compressed class space mapped at: 0x0000000800c00000-0x0000000840c00000, reserved size: 1073741824
[2024-02-28T11:49:16.277+0400][gc,metaspace] Narrow klass base: 0x0000000800000000, Narrow klass shift: 0, Narrow klass range: 0x100000000
[2024-02-28T11:49:19.815+0400][gc,heap,exit] Heap
[2024-02-28T11:49:19.815+0400][gc,heap,exit]  garbage-first heap   total 1048576K, used 39912K [0x00000000c0000000, 0x0000000100000000)
[2024-02-28T11:49:19.815+0400][gc,heap,exit]   region size 1024K, 38 young (38912K), 0 survivors (0K)
[2024-02-28T11:49:19.815+0400][gc,heap,exit]  Metaspace       used 14285K, committed 14400K, reserved 1064960K
[2024-02-28T11:49:19.815+0400][gc,heap,exit]   class space    used 1917K, committed 1984K, reserved 1048576K
