[2023-12-13T19:52:21.143+0400][gc] Using G1
[2023-12-13T19:52:21.148+0400][gc,init] Version: 17.0.7+8-LTS-224 (release)
[2023-12-13T19:52:21.148+0400][gc,init] CPUs: 8 total, 8 available
[2023-12-13T19:52:21.148+0400][gc,init] Memory: 15697M
[2023-12-13T19:52:21.148+0400][gc,init] Large Page Support: Disabled
[2023-12-13T19:52:21.148+0400][gc,init] NUMA Support: Disabled
[2023-12-13T19:52:21.148+0400][gc,init] Compressed Oops: Enabled (32-bit)
[2023-12-13T19:52:21.148+0400][gc,init] Heap Region Size: 1M
[2023-12-13T19:52:21.148+0400][gc,init] Heap Min Capacity: 1G
[2023-12-13T19:52:21.148+0400][gc,init] Heap Initial Capacity: 1G
[2023-12-13T19:52:21.148+0400][gc,init] Heap Max Capacity: 1G
[2023-12-13T19:52:21.148+0400][gc,init] Pre-touch: Disabled
[2023-12-13T19:52:21.148+0400][gc,init] Parallel Workers: 8
[2023-12-13T19:52:21.148+0400][gc,init] Concurrent Workers: 2
[2023-12-13T19:52:21.148+0400][gc,init] Concurrent Refinement Workers: 8
[2023-12-13T19:52:21.148+0400][gc,init] Periodic GC: Disabled
[2023-12-13T19:52:21.148+0400][gc,metaspace] CDS archive(s) mapped at: [0x0000000800000000-0x0000000800be3000-0x0000000800be3000), size 12464128, SharedBaseAddress: 0x0000000800000000, ArchiveRelocationMode: 0.
[2023-12-13T19:52:21.148+0400][gc,metaspace] Compressed class space mapped at: 0x0000000800c00000-0x0000000840c00000, reserved size: 1073741824
[2023-12-13T19:52:21.148+0400][gc,metaspace] Narrow klass base: 0x0000000800000000, Narrow klass shift: 0, Narrow klass range: 0x100000000
[2023-12-13T19:52:21.743+0400][gc,start    ] GC(0) Pause Young (Normal) (G1 Evacuation Pause)
[2023-12-13T19:52:21.744+0400][gc,task     ] GC(0) Using 8 workers of 8 for evacuation
[2023-12-13T19:52:21.746+0400][gc,phases   ] GC(0)   Pre Evacuate Collection Set: 0.1ms
[2023-12-13T19:52:21.746+0400][gc,phases   ] GC(0)   Merge Heap Roots: 0.0ms
[2023-12-13T19:52:21.746+0400][gc,phases   ] GC(0)   Evacuate Collection Set: 2.1ms
[2023-12-13T19:52:21.746+0400][gc,phases   ] GC(0)   Post Evacuate Collection Set: 0.3ms
[2023-12-13T19:52:21.746+0400][gc,phases   ] GC(0)   Other: 1.0ms
[2023-12-13T19:52:21.746+0400][gc,heap     ] GC(0) Eden regions: 51->0(44)
[2023-12-13T19:52:21.746+0400][gc,heap     ] GC(0) Survivor regions: 0->7(7)
[2023-12-13T19:52:21.746+0400][gc,heap     ] GC(0) Old regions: 0->1
[2023-12-13T19:52:21.746+0400][gc,heap     ] GC(0) Archive regions: 2->2
[2023-12-13T19:52:21.746+0400][gc,heap     ] GC(0) Humongous regions: 0->0
[2023-12-13T19:52:21.746+0400][gc,metaspace] GC(0) Metaspace: 19131K(19328K)->19131K(19328K) NonClass: 16590K(16704K)->16590K(16704K) Class: 2540K(2624K)->2540K(2624K)
[2023-12-13T19:52:21.746+0400][gc          ] GC(0) Pause Young (Normal) (G1 Evacuation Pause) 51M->8M(1024M) 3.669ms
[2023-12-13T19:52:21.746+0400][gc,cpu      ] GC(0) User=0.01s Sys=0.00s Real=0.01s
[2023-12-13T19:52:21.922+0400][gc,heap,exit] Heap
[2023-12-13T19:52:21.922+0400][gc,heap,exit]  garbage-first heap   total 1048576K, used 15096K [0x00000000c0000000, 0x0000000100000000)
[2023-12-13T19:52:21.922+0400][gc,heap,exit]   region size 1024K, 14 young (14336K), 7 survivors (7168K)
[2023-12-13T19:52:21.922+0400][gc,heap,exit]  Metaspace       used 20500K, committed 20736K, reserved 1073152K
[2023-12-13T19:52:21.922+0400][gc,heap,exit]   class space    used 2720K, committed 2816K, reserved 1048576K
