[2024-01-30T11:01:39.307+0400][gc] Using G1
[2024-01-30T11:01:39.311+0400][gc,init] Version: 17.0.7+8-LTS-224 (release)
[2024-01-30T11:01:39.312+0400][gc,init] CPUs: 8 total, 8 available
[2024-01-30T11:01:39.312+0400][gc,init] Memory: 15685M
[2024-01-30T11:01:39.312+0400][gc,init] Large Page Support: Disabled
[2024-01-30T11:01:39.312+0400][gc,init] NUMA Support: Disabled
[2024-01-30T11:01:39.312+0400][gc,init] Compressed Oops: Enabled (32-bit)
[2024-01-30T11:01:39.312+0400][gc,init] Heap Region Size: 1M
[2024-01-30T11:01:39.312+0400][gc,init] Heap Min Capacity: 512M
[2024-01-30T11:01:39.312+0400][gc,init] Heap Initial Capacity: 512M
[2024-01-30T11:01:39.312+0400][gc,init] Heap Max Capacity: 512M
[2024-01-30T11:01:39.312+0400][gc,init] Pre-touch: Disabled
[2024-01-30T11:01:39.312+0400][gc,init] Parallel Workers: 8
[2024-01-30T11:01:39.312+0400][gc,init] Concurrent Workers: 2
[2024-01-30T11:01:39.312+0400][gc,init] Concurrent Refinement Workers: 8
[2024-01-30T11:01:39.312+0400][gc,init] Periodic GC: Disabled
[2024-01-30T11:01:39.312+0400][gc,metaspace] CDS archive(s) mapped at: [0x0000000800000000-0x0000000800be3000-0x0000000800be3000), size 12464128, SharedBaseAddress: 0x0000000800000000, ArchiveRelocationMode: 0.
[2024-01-30T11:01:39.312+0400][gc,metaspace] Compressed class space mapped at: 0x0000000800c00000-0x0000000840c00000, reserved size: 1073741824
[2024-01-30T11:01:39.312+0400][gc,metaspace] Narrow klass base: 0x0000000800000000, Narrow klass shift: 0, Narrow klass range: 0x100000000
[2024-01-30T11:05:55.781+0400][gc,start    ] GC(0) Pause Young (Normal) (G1 Evacuation Pause)
[2024-01-30T11:05:55.782+0400][gc,task     ] GC(0) Using 8 workers of 8 for evacuation
[2024-01-30T11:05:55.784+0400][gc,phases   ] GC(0)   Pre Evacuate Collection Set: 0.0ms
[2024-01-30T11:05:55.784+0400][gc,phases   ] GC(0)   Merge Heap Roots: 0.0ms
[2024-01-30T11:05:55.784+0400][gc,phases   ] GC(0)   Evacuate Collection Set: 1.8ms
[2024-01-30T11:05:55.784+0400][gc,phases   ] GC(0)   Post Evacuate Collection Set: 0.3ms
[2024-01-30T11:05:55.784+0400][gc,phases   ] GC(0)   Other: 0.5ms
[2024-01-30T11:05:55.784+0400][gc,heap     ] GC(0) Eden regions: 25->0(21)
[2024-01-30T11:05:55.784+0400][gc,heap     ] GC(0) Survivor regions: 0->4(4)
[2024-01-30T11:05:55.784+0400][gc,heap     ] GC(0) Old regions: 0->4
[2024-01-30T11:05:55.784+0400][gc,heap     ] GC(0) Archive regions: 2->2
[2024-01-30T11:05:55.784+0400][gc,heap     ] GC(0) Humongous regions: 0->0
[2024-01-30T11:05:55.784+0400][gc,metaspace] GC(0) Metaspace: 8043K(8256K)->8043K(8256K) NonClass: 7132K(7232K)->7132K(7232K) Class: 910K(1024K)->910K(1024K)
[2024-01-30T11:05:55.784+0400][gc          ] GC(0) Pause Young (Normal) (G1 Evacuation Pause) 25M->8M(512M) 2.745ms
[2024-01-30T11:05:55.784+0400][gc,cpu      ] GC(0) User=0.01s Sys=0.00s Real=0.00s
[2024-02-01T11:43:08.684+0400][gc,start    ] GC(1) Pause Young (Normal) (G1 Evacuation Pause)
[2024-02-01T11:43:08.684+0400][gc,task     ] GC(1) Using 8 workers of 8 for evacuation
[2024-02-01T11:43:08.688+0400][gc,phases   ] GC(1)   Pre Evacuate Collection Set: 0.2ms
[2024-02-01T11:43:08.688+0400][gc,phases   ] GC(1)   Merge Heap Roots: 0.1ms
[2024-02-01T11:43:08.688+0400][gc,phases   ] GC(1)   Evacuate Collection Set: 3.2ms
[2024-02-01T11:43:08.688+0400][gc,phases   ] GC(1)   Post Evacuate Collection Set: 0.4ms
[2024-02-01T11:43:08.688+0400][gc,phases   ] GC(1)   Other: 0.2ms
[2024-02-01T11:43:08.688+0400][gc,heap     ] GC(1) Eden regions: 21->0(24)
[2024-02-01T11:43:08.688+0400][gc,heap     ] GC(1) Survivor regions: 4->1(4)
[2024-02-01T11:43:08.688+0400][gc,heap     ] GC(1) Old regions: 4->8
[2024-02-01T11:43:08.688+0400][gc,heap     ] GC(1) Archive regions: 2->2
[2024-02-01T11:43:08.688+0400][gc,heap     ] GC(1) Humongous regions: 0->0
[2024-02-01T11:43:08.688+0400][gc,metaspace] GC(1) Metaspace: 8767K(8896K)->8767K(8896K) NonClass: 7832K(7872K)->7832K(7872K) Class: 935K(1024K)->935K(1024K)
[2024-02-01T11:43:08.688+0400][gc          ] GC(1) Pause Young (Normal) (G1 Evacuation Pause) 29M->9M(512M) 4.034ms
[2024-02-01T11:43:08.688+0400][gc,cpu      ] GC(1) User=0.02s Sys=0.00s Real=0.00s
[2024-02-02T10:43:00.365+0400][gc,heap,exit] Heap
[2024-02-02T10:43:00.365+0400][gc,heap,exit]  garbage-first heap   total 524288K, used 29860K [0x00000000e0000000, 0x0000000100000000)
[2024-02-02T10:43:00.365+0400][gc,heap,exit]   region size 1024K, 22 young (22528K), 1 survivors (1024K)
[2024-02-02T10:43:00.365+0400][gc,heap,exit]  Metaspace       used 8923K, committed 9088K, reserved 1064960K
[2024-02-02T10:43:00.365+0400][gc,heap,exit]   class space    used 936K, committed 1024K, reserved 1048576K
