[2023-12-13T19:51:31.549+0400][gc] Using G1
[2023-12-13T19:51:31.552+0400][gc,init] Version: 17.0.7+8-LTS-224 (release)
[2023-12-13T19:51:31.552+0400][gc,init] CPUs: 8 total, 8 available
[2023-12-13T19:51:31.552+0400][gc,init] Memory: 15697M
[2023-12-13T19:51:31.552+0400][gc,init] Large Page Support: Disabled
[2023-12-13T19:51:31.552+0400][gc,init] NUMA Support: Disabled
[2023-12-13T19:51:31.552+0400][gc,init] Compressed Oops: Enabled (32-bit)
[2023-12-13T19:51:31.552+0400][gc,init] Heap Region Size: 1M
[2023-12-13T19:51:31.552+0400][gc,init] Heap Min Capacity: 512M
[2023-12-13T19:51:31.552+0400][gc,init] Heap Initial Capacity: 512M
[2023-12-13T19:51:31.552+0400][gc,init] Heap Max Capacity: 512M
[2023-12-13T19:51:31.552+0400][gc,init] Pre-touch: Disabled
[2023-12-13T19:51:31.552+0400][gc,init] Parallel Workers: 8
[2023-12-13T19:51:31.552+0400][gc,init] Concurrent Workers: 2
[2023-12-13T19:51:31.552+0400][gc,init] Concurrent Refinement Workers: 8
[2023-12-13T19:51:31.552+0400][gc,init] Periodic GC: Disabled
[2023-12-13T19:51:31.552+0400][gc,metaspace] CDS archive(s) mapped at: [0x0000000800000000-0x0000000800be3000-0x0000000800be3000), size 12464128, SharedBaseAddress: 0x0000000800000000, ArchiveRelocationMode: 0.
[2023-12-13T19:51:31.552+0400][gc,metaspace] Compressed class space mapped at: 0x0000000800c00000-0x0000000840c00000, reserved size: 1073741824
[2023-12-13T19:51:31.552+0400][gc,metaspace] Narrow klass base: 0x0000000800000000, Narrow klass shift: 0, Narrow klass range: 0x100000000
[2023-12-13T19:51:55.204+0400][gc,start    ] GC(0) Pause Young (Normal) (G1 Evacuation Pause)
[2023-12-13T19:51:55.205+0400][gc,task     ] GC(0) Using 8 workers of 8 for evacuation
[2023-12-13T19:51:55.207+0400][gc,phases   ] GC(0)   Pre Evacuate Collection Set: 0.1ms
[2023-12-13T19:51:55.207+0400][gc,phases   ] GC(0)   Merge Heap Roots: 0.0ms
[2023-12-13T19:51:55.207+0400][gc,phases   ] GC(0)   Evacuate Collection Set: 2.0ms
[2023-12-13T19:51:55.207+0400][gc,phases   ] GC(0)   Post Evacuate Collection Set: 0.3ms
[2023-12-13T19:51:55.207+0400][gc,phases   ] GC(0)   Other: 0.5ms
[2023-12-13T19:51:55.207+0400][gc,heap     ] GC(0) Eden regions: 25->0(21)
[2023-12-13T19:51:55.207+0400][gc,heap     ] GC(0) Survivor regions: 0->4(4)
[2023-12-13T19:51:55.207+0400][gc,heap     ] GC(0) Old regions: 0->4
[2023-12-13T19:51:55.207+0400][gc,heap     ] GC(0) Archive regions: 2->2
[2023-12-13T19:51:55.207+0400][gc,heap     ] GC(0) Humongous regions: 0->0
[2023-12-13T19:51:55.207+0400][gc,metaspace] GC(0) Metaspace: 8092K(8256K)->8092K(8256K) NonClass: 7179K(7232K)->7179K(7232K) Class: 913K(1024K)->913K(1024K)
[2023-12-13T19:51:55.207+0400][gc          ] GC(0) Pause Young (Normal) (G1 Evacuation Pause) 25M->8M(512M) 2.933ms
[2023-12-13T19:51:55.207+0400][gc,cpu      ] GC(0) User=0.02s Sys=0.01s Real=0.00s
[2023-12-15T10:17:26.585+0400][gc,heap,exit] Heap
[2023-12-15T10:17:26.585+0400][gc,heap,exit]  garbage-first heap   total 524288K, used 16766K [0x00000000e0000000, 0x0000000100000000)
[2023-12-15T10:17:26.585+0400][gc,heap,exit]   region size 1024K, 12 young (12288K), 4 survivors (4096K)
[2023-12-15T10:17:26.585+0400][gc,heap,exit]  Metaspace       used 8638K, committed 8768K, reserved 1064960K
[2023-12-15T10:17:26.585+0400][gc,heap,exit]   class space    used 936K, committed 1024K, reserved 1048576K
