[2024-02-28T11:49:34.590+0400][gc] Using G1
[2024-02-28T11:49:34.593+0400][gc,init] Version: 17.0.7+8-LTS-224 (release)
[2024-02-28T11:49:34.593+0400][gc,init] CPUs: 8 total, 8 available
[2024-02-28T11:49:34.593+0400][gc,init] Memory: 15685M
[2024-02-28T11:49:34.593+0400][gc,init] Large Page Support: Disabled
[2024-02-28T11:49:34.593+0400][gc,init] NUMA Support: Disabled
[2024-02-28T11:49:34.593+0400][gc,init] Compressed Oops: Enabled (32-bit)
[2024-02-28T11:49:34.593+0400][gc,init] Heap Region Size: 1M
[2024-02-28T11:49:34.593+0400][gc,init] Heap Min Capacity: 512M
[2024-02-28T11:49:34.593+0400][gc,init] Heap Initial Capacity: 512M
[2024-02-28T11:49:34.593+0400][gc,init] Heap Max Capacity: 512M
[2024-02-28T11:49:34.593+0400][gc,init] Pre-touch: Disabled
[2024-02-28T11:49:34.593+0400][gc,init] Parallel Workers: 8
[2024-02-28T11:49:34.593+0400][gc,init] Concurrent Workers: 2
[2024-02-28T11:49:34.593+0400][gc,init] Concurrent Refinement Workers: 8
[2024-02-28T11:49:34.593+0400][gc,init] Periodic GC: Disabled
[2024-02-28T11:49:34.593+0400][gc,metaspace] CDS archive(s) mapped at: [0x0000000800000000-0x0000000800be3000-0x0000000800be3000), size 12464128, SharedBaseAddress: 0x0000000800000000, ArchiveRelocationMode: 0.
[2024-02-28T11:49:34.593+0400][gc,metaspace] Compressed class space mapped at: 0x0000000800c00000-0x0000000840c00000, reserved size: 1073741824
[2024-02-28T11:49:34.593+0400][gc,metaspace] Narrow klass base: 0x0000000800000000, Narrow klass shift: 0, Narrow klass range: 0x100000000
[2024-02-28T11:49:55.578+0400][gc,start    ] GC(0) Pause Young (Normal) (G1 Evacuation Pause)
[2024-02-28T11:49:55.579+0400][gc,task     ] GC(0) Using 8 workers of 8 for evacuation
[2024-02-28T11:49:55.581+0400][gc,phases   ] GC(0)   Pre Evacuate Collection Set: 0.1ms
[2024-02-28T11:49:55.581+0400][gc,phases   ] GC(0)   Merge Heap Roots: 0.0ms
[2024-02-28T11:49:55.581+0400][gc,phases   ] GC(0)   Evacuate Collection Set: 1.9ms
[2024-02-28T11:49:55.581+0400][gc,phases   ] GC(0)   Post Evacuate Collection Set: 0.3ms
[2024-02-28T11:49:55.581+0400][gc,phases   ] GC(0)   Other: 0.5ms
[2024-02-28T11:49:55.581+0400][gc,heap     ] GC(0) Eden regions: 25->0(21)
[2024-02-28T11:49:55.581+0400][gc,heap     ] GC(0) Survivor regions: 0->4(4)
[2024-02-28T11:49:55.581+0400][gc,heap     ] GC(0) Old regions: 0->4
[2024-02-28T11:49:55.581+0400][gc,heap     ] GC(0) Archive regions: 2->2
[2024-02-28T11:49:55.581+0400][gc,heap     ] GC(0) Humongous regions: 0->0
[2024-02-28T11:49:55.581+0400][gc,metaspace] GC(0) Metaspace: 8064K(8320K)->8064K(8320K) NonClass: 7153K(7296K)->7153K(7296K) Class: 911K(1024K)->911K(1024K)
[2024-02-28T11:49:55.581+0400][gc          ] GC(0) Pause Young (Normal) (G1 Evacuation Pause) 25M->8M(512M) 2.808ms
[2024-02-28T11:49:55.581+0400][gc,cpu      ] GC(0) User=0.02s Sys=0.00s Real=0.00s
[2024-03-05T09:34:46.529+0400][gc,start    ] GC(1) Pause Young (Normal) (G1 Evacuation Pause)
[2024-03-05T09:34:46.529+0400][gc,task     ] GC(1) Using 8 workers of 8 for evacuation
[2024-03-05T09:34:46.531+0400][gc,phases   ] GC(1)   Pre Evacuate Collection Set: 0.0ms
[2024-03-05T09:34:46.531+0400][gc,phases   ] GC(1)   Merge Heap Roots: 0.0ms
[2024-03-05T09:34:46.531+0400][gc,phases   ] GC(1)   Evacuate Collection Set: 1.5ms
[2024-03-05T09:34:46.531+0400][gc,phases   ] GC(1)   Post Evacuate Collection Set: 0.2ms
[2024-03-05T09:34:46.531+0400][gc,phases   ] GC(1)   Other: 0.1ms
[2024-03-05T09:34:46.531+0400][gc,heap     ] GC(1) Eden regions: 21->0(24)
[2024-03-05T09:34:46.531+0400][gc,heap     ] GC(1) Survivor regions: 4->1(4)
[2024-03-05T09:34:46.531+0400][gc,heap     ] GC(1) Old regions: 4->8
[2024-03-05T09:34:46.531+0400][gc,heap     ] GC(1) Archive regions: 2->2
[2024-03-05T09:34:46.531+0400][gc,heap     ] GC(1) Humongous regions: 0->0
[2024-03-05T09:34:46.531+0400][gc,metaspace] GC(1) Metaspace: 8877K(9024K)->8877K(9024K) NonClass: 7942K(8000K)->7942K(8000K) Class: 935K(1024K)->935K(1024K)
[2024-03-05T09:34:46.531+0400][gc          ] GC(1) Pause Young (Normal) (G1 Evacuation Pause) 29M->9M(512M) 1.864ms
[2024-03-05T09:34:46.531+0400][gc,cpu      ] GC(1) User=0.00s Sys=0.00s Real=0.00s
[2024-03-12T18:45:43.485+0400][gc,heap,exit] Heap
[2024-03-12T18:45:43.485+0400][gc,heap,exit]  garbage-first heap   total 524288K, used 18649K [0x00000000e0000000, 0x0000000100000000)
[2024-03-12T18:45:43.485+0400][gc,heap,exit]   region size 1024K, 11 young (11264K), 1 survivors (1024K)
[2024-03-12T18:45:43.485+0400][gc,heap,exit]  Metaspace       used 8890K, committed 9024K, reserved 1064960K
[2024-03-12T18:45:43.485+0400][gc,heap,exit]   class space    used 936K, committed 1024K, reserved 1048576K
