[2023-12-12T12:55:56.407+0400][gc] Using G1
[2023-12-12T12:55:56.410+0400][gc,init] Version: 17.0.7+8-LTS-224 (release)
[2023-12-12T12:55:56.410+0400][gc,init] CPUs: 8 total, 8 available
[2023-12-12T12:55:56.410+0400][gc,init] Memory: 15697M
[2023-12-12T12:55:56.410+0400][gc,init] Large Page Support: Disabled
[2023-12-12T12:55:56.410+0400][gc,init] NUMA Support: Disabled
[2023-12-12T12:55:56.410+0400][gc,init] Compressed Oops: Enabled (32-bit)
[2023-12-12T12:55:56.410+0400][gc,init] Heap Region Size: 1M
[2023-12-12T12:55:56.410+0400][gc,init] Heap Min Capacity: 512M
[2023-12-12T12:55:56.410+0400][gc,init] Heap Initial Capacity: 512M
[2023-12-12T12:55:56.410+0400][gc,init] Heap Max Capacity: 512M
[2023-12-12T12:55:56.410+0400][gc,init] Pre-touch: Disabled
[2023-12-12T12:55:56.410+0400][gc,init] Parallel Workers: 8
[2023-12-12T12:55:56.410+0400][gc,init] Concurrent Workers: 2
[2023-12-12T12:55:56.410+0400][gc,init] Concurrent Refinement Workers: 8
[2023-12-12T12:55:56.410+0400][gc,init] Periodic GC: Disabled
[2023-12-12T12:55:56.410+0400][gc,metaspace] CDS archive(s) mapped at: [0x0000000800000000-0x0000000800be3000-0x0000000800be3000), size 12464128, SharedBaseAddress: 0x0000000800000000, ArchiveRelocationMode: 0.
[2023-12-12T12:55:56.410+0400][gc,metaspace] Compressed class space mapped at: 0x0000000800c00000-0x0000000840c00000, reserved size: 1073741824
[2023-12-12T12:55:56.410+0400][gc,metaspace] Narrow klass base: 0x0000000800000000, Narrow klass shift: 0, Narrow klass range: 0x100000000
[2023-12-12T12:55:56.664+0400][gc,heap,exit] Heap
[2023-12-12T12:55:56.664+0400][gc,heap,exit]  garbage-first heap   total 524288K, used 15336K [0x00000000e0000000, 0x0000000100000000)
[2023-12-12T12:55:56.664+0400][gc,heap,exit]   region size 1024K, 14 young (14336K), 0 survivors (0K)
[2023-12-12T12:55:56.664+0400][gc,heap,exit]  Metaspace       used 5964K, committed 6144K, reserved 1056768K
[2023-12-12T12:55:56.664+0400][gc,heap,exit]   class space    used 665K, committed 768K, reserved 1048576K
