[2023-12-12T12:56:42.437+0400][gc] Using G1
[2023-12-12T12:56:42.440+0400][gc,init] Version: 17.0.7+8-LTS-224 (release)
[2023-12-12T12:56:42.440+0400][gc,init] CPUs: 8 total, 8 available
[2023-12-12T12:56:42.440+0400][gc,init] Memory: 15697M
[2023-12-12T12:56:42.440+0400][gc,init] Large Page Support: Disabled
[2023-12-12T12:56:42.440+0400][gc,init] NUMA Support: Disabled
[2023-12-12T12:56:42.440+0400][gc,init] Compressed Oops: Enabled (32-bit)
[2023-12-12T12:56:42.440+0400][gc,init] Heap Region Size: 1M
[2023-12-12T12:56:42.440+0400][gc,init] Heap Min Capacity: 512M
[2023-12-12T12:56:42.440+0400][gc,init] Heap Initial Capacity: 512M
[2023-12-12T12:56:42.440+0400][gc,init] Heap Max Capacity: 512M
[2023-12-12T12:56:42.440+0400][gc,init] Pre-touch: Disabled
[2023-12-12T12:56:42.440+0400][gc,init] Parallel Workers: 8
[2023-12-12T12:56:42.440+0400][gc,init] Concurrent Workers: 2
[2023-12-12T12:56:42.440+0400][gc,init] Concurrent Refinement Workers: 8
[2023-12-12T12:56:42.440+0400][gc,init] Periodic GC: Disabled
[2023-12-12T12:56:42.440+0400][gc,metaspace] CDS archive(s) mapped at: [0x0000000800000000-0x0000000800be3000-0x0000000800be3000), size 12464128, SharedBaseAddress: 0x0000000800000000, ArchiveRelocationMode: 0.
[2023-12-12T12:56:42.440+0400][gc,metaspace] Compressed class space mapped at: 0x0000000800c00000-0x0000000840c00000, reserved size: 1073741824
[2023-12-12T12:56:42.440+0400][gc,metaspace] Narrow klass base: 0x0000000800000000, Narrow klass shift: 0, Narrow klass range: 0x100000000
[2023-12-12T12:58:21.353+0400][gc,start    ] GC(0) Pause Young (Normal) (G1 Evacuation Pause)
[2023-12-12T12:58:21.353+0400][gc,task     ] GC(0) Using 8 workers of 8 for evacuation
[2023-12-12T12:58:21.356+0400][gc,phases   ] GC(0)   Pre Evacuate Collection Set: 0.1ms
[2023-12-12T12:58:21.356+0400][gc,phases   ] GC(0)   Merge Heap Roots: 0.0ms
[2023-12-12T12:58:21.356+0400][gc,phases   ] GC(0)   Evacuate Collection Set: 2.3ms
[2023-12-12T12:58:21.356+0400][gc,phases   ] GC(0)   Post Evacuate Collection Set: 0.3ms
[2023-12-12T12:58:21.356+0400][gc,phases   ] GC(0)   Other: 0.5ms
[2023-12-12T12:58:21.356+0400][gc,heap     ] GC(0) Eden regions: 25->0(21)
[2023-12-12T12:58:21.356+0400][gc,heap     ] GC(0) Survivor regions: 0->4(4)
[2023-12-12T12:58:21.356+0400][gc,heap     ] GC(0) Old regions: 0->4
[2023-12-12T12:58:21.356+0400][gc,heap     ] GC(0) Archive regions: 2->2
[2023-12-12T12:58:21.356+0400][gc,heap     ] GC(0) Humongous regions: 0->0
[2023-12-12T12:58:21.356+0400][gc,metaspace] GC(0) Metaspace: 8068K(8320K)->8068K(8320K) NonClass: 7157K(7296K)->7157K(7296K) Class: 910K(1024K)->910K(1024K)
[2023-12-12T12:58:21.356+0400][gc          ] GC(0) Pause Young (Normal) (G1 Evacuation Pause) 25M->8M(512M) 3.191ms
[2023-12-12T12:58:21.356+0400][gc,cpu      ] GC(0) User=0.00s Sys=0.02s Real=0.00s
[2023-12-12T18:48:05.950+0400][gc,heap,exit] Heap
[2023-12-12T18:48:05.950+0400][gc,heap,exit]  garbage-first heap   total 524288K, used 14507K [0x00000000e0000000, 0x0000000100000000)
[2023-12-12T18:48:05.950+0400][gc,heap,exit]   region size 1024K, 10 young (10240K), 4 survivors (4096K)
[2023-12-12T18:48:05.950+0400][gc,heap,exit]  Metaspace       used 8604K, committed 8768K, reserved 1064960K
[2023-12-12T18:48:05.950+0400][gc,heap,exit]   class space    used 935K, committed 1024K, reserved 1048576K
